###############################################################################
#
# IAR ELF Linker V9.30.1.335/W64 for ARM                  30/Dec/2022  18:41:31
# Copyright 2007-2022 IAR Systems AB.
#
#    Output file  =  D:\POIP\POIP\TheFirstProject\Debug\Exe\First.out
#    Map file     =  D:\POIP\POIP\TheFirstProject\Debug\List\First.map
#    Command line =
#        -f D:\POIP\POIP\TheFirstProject\Debug\Exe\First.out.rsp
#        (D:\POIP\POIP\TheFirstProject\Debug\Obj\main.o --no_out_extension -o
#        D:\POIP\POIP\TheFirstProject\Debug\Exe\First.out --redirect
#        _Printf=_PrintfFullNoMb --redirect _Scanf=_ScanfFullNoMb --map
#        D:\POIP\POIP\TheFirstProject\Debug\List\First.map --config "C:\Program
#        Files\IAR Systems\Embedded Workbench
#        9.1\arm/config/linker/ST/stm32f411xC.icf" --semihosting --entry
#        __iar_program_start --vfe --text_out locale --cpu=Cortex-M4
#        --fpu=VFPv4_sp)
#
###############################################################################

*******************************************************************************
*** RUNTIME MODEL ATTRIBUTES
***

CppFlavor                     = *
__CPP_Exceptions              = Disabled
__CPP_Language                = C++14
__CPP_Library                 = libc++
__CPP_Runtime                 = 1
__Heap_Handler                = Basic
__SystemLibrary               = DLib
__dlib_dynamic_initialization = normal
__dlib_version                = 6


*******************************************************************************
*** HEAP SELECTION
***

The basic heap was selected because --advanced_heap
was not specified and the application did not appear to
be primarily optimized for speed.


*******************************************************************************
*** PLACEMENT SUMMARY
***

"A0":  place at address 0x800'0000 { ro section .intvec };
"P1":  place in [from 0x800'0000 to 0x803'ffff] { ro };
define block CSTACK with size = 8K, alignment = 8 { };
define block HEAP with size = 8K, alignment = 8 { };
"P2":  place in [from 0x2000'0000 to 0x2001'ffff] {
          rw, block CSTACK, block HEAP };
initialize by copy { rw };

  Section                Kind         Address    Size  Object
  -------                ----         -------    ----  ------
"A0":                                            0x40
  .intvec                ro code   0x800'0000    0x40  vector_table_M.o [6]
                                 - 0x800'0040    0x40

"P1":                                          0x5509
  .text                  ro code   0x800'0040   0xeaa  xprintffull_nomb.o [2]
  .text                  ro code   0x800'0eea    0x7e  lz77_init_single.o [6]
  .text                  ro code   0x800'0f68    0x16  strchr.o [6]
  .text                  ro code   0x800'0f7e    0x1a  xsnprout.o [2]
  .text                  ro code   0x800'0f98    0x40  xfail_s.o [2]
  .text                  ro code   0x800'0fd8    0x36  strlen.o [6]
  .text                  ro code   0x800'100e     0x6  ios.instantiations.o [3]
  .text                  ro code   0x800'1014    0x58  memchr.o [6]
  .text                  ro code   0x800'106c    0x76  ABImemcpy_unaligned.o [6]
  .rodata                const     0x800'10e2     0x2  locale.o [3]
  .text                  ro code   0x800'10e4    0x70  frexp.o [5]
  .text                  ro code   0x800'1154    0x34  DblCmpLe.o [5]
  .text                  ro code   0x800'1188    0x34  DblCmpGe.o [5]
  .text                  ro code   0x800'11bc   0x13a  ldexp.o [5]
  .rodata                const     0x800'12f6     0x2  xlocale_c.o [2]
  .text                  ro code   0x800'12f8    0x36  DblToS32.o [5]
  .rodata                const     0x800'132e     0x2  xlocale_c.o [2]
  .text                  ro code   0x800'1330    0x22  S32ToDbl.o [5]
  .text                  ro code   0x800'1352     0x2  vectortrap_M.o [6]
  .text                  ro code   0x800'1354   0x24e  DblAddSub.o [5]
  .rodata                const     0x800'15a2     0x1  unwind_debug.o [7]
  .rodata                const     0x800'15a3     0x1  xlocale_c.o [2]
  .text                  ro code   0x800'15a4   0x246  DblDiv.o [5]
  .text                  ro code   0x800'17ec    0x22  DblToU32.o [5]
  .text                  ro code   0x800'1810    0x1c  U32ToDbl.o [5]
  .text                  ro code   0x800'182c   0x1aa  DblMul.o [5]
  .text                  ro code   0x800'19d8    0x18  xlocale_c.o [2]
  .text                  ro code   0x800'19f0   0x230  I64DivMod.o [6]
  .text                  ro code   0x800'1c20     0x6  abort.o [2]
  .text                  ro code   0x800'1c28    0x24  errno.o [2]
  .text                  ro code   0x800'1c4c     0x2  I64DivZer.o [6]
  .text                  ro code   0x800'1c50    0x14  exit.o [7]
  .text                  ro code   0x800'1c64     0x4  tp_nothreads.o [2]
  .text                  ro code   0x800'1c68    0x7c  iarttio.o [7]
  .text                  ro code   0x800'1ce4     0x8  XShttio.o [2]
  .text                  ro code   0x800'1cec   0x858  locale.o [3]
  .text                  ro code   0x800'2544     0x4  delop4_0.o [4]
  .text                  ro code   0x800'2548     0x2  memory.o [3]
  .text                  ro code   0x800'254a    0x32  locale.o [3]
  .text                  ro code   0x800'257c    0x26  locale.o [3]
  .text                  ro code   0x800'25a2    0x58  locale.o [3]
  .text                  ro code   0x800'25fa    0x22  locale.o [3]
  .text                  ro code   0x800'261c    0x18  locale.o [3]
  .text                  ro code   0x800'2634    0x18  locale.o [3]
  .text                  ro code   0x800'264c    0x18  locale.o [3]
  .text                  ro code   0x800'2664    0x18  locale.o [3]
  .text                  ro code   0x800'267c    0x18  locale.o [3]
  .text                  ro code   0x800'2694    0x18  locale.o [3]
  .text                  ro code   0x800'26ac    0x18  locale.o [3]
  .text                  ro code   0x800'26c4    0x18  locale.o [3]
  .text                  ro code   0x800'26dc    0x18  locale.o [3]
  .text                  ro code   0x800'26f4    0x18  locale.o [3]
  .text                  ro code   0x800'270c    0x18  locale.o [3]
  .text                  ro code   0x800'2724    0x18  locale.o [3]
  .text                  ro code   0x800'273c    0x18  locale.o [3]
  .text                  ro code   0x800'2754    0x18  locale.o [3]
  .text                  ro code   0x800'276c    0x18  locale.o [3]
  .text                  ro code   0x800'2784    0x18  locale.o [3]
  .text                  ro code   0x800'279c    0x18  locale.o [3]
  .text                  ro code   0x800'27b4    0x18  locale.o [3]
  .text                  ro code   0x800'27cc    0x28  locale.o [3]
  .text                  ro code   0x800'27f4    0x28  locale.o [3]
  .text                  ro code   0x800'281c    0x24  locale.o [3]
  .text                  ro code   0x800'2840    0x24  locale.o [3]
  .text                  ro code   0x800'2864    0x18  locale.o [3]
  .text                  ro code   0x800'287c    0x18  locale.o [3]
  .text                  ro code   0x800'2894    0x32  main.o [1]
  .text                  ro code   0x800'28c6     0x4  locale.o [3]
  .text                  ro code   0x800'28ca    0x2a  locale.o [3]
  .text                  ro code   0x800'28f4     0xc  locale.o [3]
  .text                  ro code   0x800'2900    0xac  locale.o [3]
  .text                  ro code   0x800'29ac    0x1c  locale.o [3]
  .text                  ro code   0x800'29c8    0x1a  locale.o [3]
  .text                  ro code   0x800'29e2    0x18  mutex.o [3]
  .text                  ro code   0x800'29fa     0x4  delaop_0.o [4]
  .text                  ro code   0x800'2a00    0x10  locale.o [3]
  .text                  ro code   0x800'2a10    0x28  iar_locale.o [3]
  .text                  ro code   0x800'2a38    0xa4  iar_newlocale.o [3]
  .text                  ro code   0x800'2adc     0xa  locale.o [3]
  .text                  ro code   0x800'2ae6    0x32  locale.o [3]
  .text                  ro code   0x800'2b18     0xa  delop_0.o [4]
  .text                  ro code   0x800'2b22    0x2a  locale.o [3]
  .text                  ro code   0x800'2b4c    0x20  locale.o [3]
  .text                  ro code   0x800'2b6c     0x4  string.o [3]
  .text                  ro code   0x800'2b70    0x24  newop_0.o [4]
  .text                  ro code   0x800'2b94     0xe  main.o [1]
  .text                  ro code   0x800'2ba2     0x8  main.o [1]
  .text                  ro code   0x800'2baa     0xa  main.o [1]
  .text                  ro code   0x800'2bb4     0xe  main.o [1]
  .text                  ro code   0x800'2bc2     0x8  main.o [1]
  .text                  ro code   0x800'2bca     0xc  locale.o [3]
  .text                  ro code   0x800'2bd6    0x16  locale.o [3]
  .text                  ro code   0x800'2bec    0x3e  locale.o [3]
  .text                  ro code   0x800'2c2a    0x2c  locale.o [3]
  .text                  ro code   0x800'2c56     0xa  locale.o [3]
  .text                  ro code   0x800'2c60    0x28  locale.o [3]
  .text                  ro code   0x800'2c88    0x10  locale.o [3]
  .text                  ro code   0x800'2c98    0x3c  vsnprint.o [2]
  .text                  ro code   0x800'2cd4   0x1a0  iar_newlocale.o [3]
  .text                  ro code   0x800'2e74     0xc  iar_newlocale.o [3]
  .text                  ro code   0x800'2e80    0x3e  string.o [3]
  .text                  ro code   0x800'2ebe     0x4  heaptramp0.o [2]
  .text                  ro code   0x800'2ec2     0x6  locale.o [3]
  .text                  ro code   0x800'2ec8     0x4  vector.o [3]
  .text                  ro code   0x800'2ecc    0x2a  locale.o [3]
  .text                  ro code   0x800'2ef6     0x4  nomemory.o [4]
  .text                  ro code   0x800'2efc   0x250  heap0.o [2]
  .text                  ro code   0x800'314c     0x8  main.o [1]
  .text                  ro code   0x800'3154     0x8  main.o [1]
  .text                  ro code   0x800'315c     0x8  main.o [1]
  .text                  ro code   0x800'3164     0xe  main.o [1]
  .text                  ro code   0x800'3172     0xc  locale.o [3]
  .text                  ro code   0x800'317e    0x20  iar_newlocale.o [3]
  .text                  ro code   0x800'319e    0x20  iar_newlocale.o [3]
  .text                  ro code   0x800'31be     0xe  string.o [3]
  .text                  ro code   0x800'31cc    0x2c  xgetmemchunk.o [2]
  .text                  ro code   0x800'31f8     0x2  main.o [1]
  .text                  ro code   0x800'31fa     0x2  main.o [1]
  .text                  ro code   0x800'31fc     0x2  main.o [1]
  .text                  ro code   0x800'31fe    0x20  main.o [1]
  .text                  ro code   0x800'321e     0x8  main.o [1]
  .text                  ro code   0x800'3226     0x8  main.o [1]
  .text                  ro code   0x800'322e     0x8  main.o [1]
  .text                  ro code   0x800'3236     0x8  main.o [1]
  .text                  ro code   0x800'323e     0x4  delop6_0.o [4]
  .rodata                const     0x800'3244   0x400  locale.o [3]
  .text                  ro code   0x800'3644   0x174  locale.o [3]
  .text                  ro code   0x800'37b8     0xc  locale.o [3]
  .text                  ro code   0x800'37c4    0x18  locale.o [3]
  .text                  ro code   0x800'37dc     0xa  locale.o [3]
  .text                  ro code   0x800'37e6    0x1e  main.o [1]
  .text                  ro code   0x800'3804     0xc  main.o [1]
  .text                  ro code   0x800'3810     0x8  main.o [1]
  .text                  ro code   0x800'3818     0x2  main.o [1]
  .text                  ro code   0x800'381a    0xd8  xfspos.o [2]
  .text                  ro code   0x800'38f4    0xac  fflush.o [2]
  .text                  ro code   0x800'39a0     0xc  xfgpos.o [2]
  .text                  ro code   0x800'39ac    0x4e  lseek.o [7]
  .text                  ro code   0x800'39fa    0x10  write.o [7]
  .text                  ro code   0x800'3a0c    0xcc  XShHandles.o [2]
  .text                  ro code   0x800'3ad8    0x1e  dwrite.o [7]
  .text                  ro code   0x800'3af6    0x20  iarwstd.o [7]
  .text                  ro code   0x800'3b16    0x22  iarwrite.o [7]
  .text                  ro code   0x800'3b38    0xb8  fwrite.o [2]
  .text                  ro code   0x800'3bf0    0xb4  xfwprep.o [2]
  .text                  ro code   0x800'3ca4    0x24  fseek.o [2]
  .text                  ro code   0x800'3cc8    0xb4  ios.o [3]
  .text                  ro code   0x800'3d7c    0xb2  main.o [1]
  .text                  ro code   0x800'3e2e    0x42  ios.instantiations.o [3]
  .text                  ro code   0x800'3e70     0x4  main.o [1]
  .text                  ro code   0x800'3e74    0x1e  main.o [1]
  .text                  ro code   0x800'3e92     0x4  main.o [1]
  .text                  ro code   0x800'3e96    0x22  main.o [1]
  .text                  ro code   0x800'3eb8    0xa6  main.o [1]
  .text                  ro code   0x800'3f5e    0x10  main.o [1]
  .text                  ro code   0x800'3f6e     0x8  main.o [1]
  .text                  ro code   0x800'3f76    0x94  ios.instantiations.o [3]
  .text                  ro code   0x800'400a    0x54  ios.instantiations.o [3]
  .text                  ro code   0x800'405e     0x8  main.o [1]
  .text                  ro code   0x800'4066     0xe  main.o [1]
  .text                  ro code   0x800'4074    0x28  main.o [1]
  .text                  ro code   0x800'409c     0x4  main.o [1]
  .text                  ro code   0x800'40a0     0xa  main.o [1]
  .text                  ro code   0x800'40aa    0x24  main.o [1]
  .text                  ro code   0x800'40ce     0xc  main.o [1]
  .text                  ro code   0x800'40da     0x8  main.o [1]
  .text                  ro code   0x800'40e2     0xc  main.o [1]
  .text                  ro code   0x800'40ee     0x4  arm_exceptions_uncaught_c.o [6]
  .text                  ro code   0x800'40f2     0x4  main.o [1]
  .text                  ro code   0x800'40f8    0x10  main.o [1]
  .text                  ro code   0x800'4108     0xc  main.o [1]
  .text                  ro code   0x800'4114    0x26  main.o [1]
  .text                  ro code   0x800'413a    0x88  main.o [1]
  .text                  ro code   0x800'41c2     0x2  main.o [1]
  .text                  ro code   0x800'41c4     0x2  main.o [1]
  .text                  ro code   0x800'41c6     0x8  main.o [1]
  .text                  ro code   0x800'41ce     0x8  main.o [1]
  .text                  ro code   0x800'41d6     0xe  main.o [1]
  .text                  ro code   0x800'41e4     0x8  main.o [1]
  .text                  ro code   0x800'41ec     0xc  main.o [1]
  .text                  ro code   0x800'41f8    0x1a  main.o [1]
  .text                  ro code   0x800'4212     0x8  main.o [1]
  .text                  ro code   0x800'421a     0xc  main.o [1]
  .text                  ro code   0x800'4226    0x10  main.o [1]
  .text                  ro code   0x800'4236     0xc  main.o [1]
  .text                  ro code   0x800'4242    0x20  main.o [1]
  .text                  ro code   0x800'4262     0x6  main.o [1]
  .text                  ro code   0x800'4268     0x2  main.o [1]
  .text                  ro code   0x800'426a     0xe  main.o [1]
  .text                  ro code   0x800'4278     0x8  main.o [1]
  .text                  ro code   0x800'4280     0x8  main.o [1]
  .text                  ro code   0x800'4288     0x8  main.o [1]
  .text                  ro code   0x800'4290    0x34  main.o [1]
  .text                  ro code   0x800'42c4     0x4  main.o [1]
  .text                  ro code   0x800'42c8    0x66  ABImemset.o [6]
  .text                  ro code   0x800'432e     0x8  main.o [1]
  .text                  ro code   0x800'4336     0x8  main.o [1]
  .text                  ro code   0x800'433e     0x6  main.o [1]
  .text                  ro code   0x800'4344     0x8  main.o [1]
  .text                  ro code   0x800'434c     0x8  main.o [1]
  .text                  ro code   0x800'4354     0xe  main.o [1]
  .text                  ro code   0x800'4362     0x2  main.o [1]
  .text                  ro code   0x800'4364    0x28  newop3_0.o [4]
  .text                  ro code   0x800'438c     0x8  main.o [1]
  .text                  ro code   0x800'4394     0x2  main.o [1]
  .text                  ro code   0x800'4396    0xae  iostream_cout.o [3]
  .text                  ro code   0x800'4444    0xa0  cppinit.o [2]
  .text                  ro code   0x800'44e4    0x98  ios.instantiations.o [3]
  .text                  ro code   0x800'457c    0x10  locale.o [3]
  .text                  ro code   0x800'458c    0x98  iostream_cout.o [3]
  .text                  ro code   0x800'4624    0x44  iostream_cout.o [3]
  .text                  ro code   0x800'4668     0xa  cxxabi.o [4]
  .text                  ro code   0x800'4672     0x4  ios.instantiations.o [3]
  .text                  ro code   0x800'4678    0x24  ios.instantiations.o [3]
  .text                  ro code   0x800'469c    0x90  locale.o [3]
  .text                  ro code   0x800'472c    0x8c  xfofind.o [2]
  .text                  ro code   0x800'47b8    0x7e  fclose.o [2]
  .text                  ro code   0x800'4836    0x18  close.o [7]
  .text                  ro code   0x800'484e    0x14  remove.o [7]
  .text                  ro code   0x800'4862    0x60  ios.instantiations.o [3]
  .rodata                const     0x800'48c4    0x54  locale.o [3]
  .rodata                const     0x800'4918    0x54  locale.o [3]
  .text                  ro code   0x800'496c    0x54  fputc.o [2]
  .rodata                const     0x800'49c0    0x48  xlocale_c.o [2]
  .text                  ro code   0x800'4a08    0x48  iostream_cout.o [3]
  .rodata                const     0x800'4a50    0x44  locale.o [3]
  .text                  ro code   0x800'4a94    0x44  iar_newlocale.o [3]
  .rodata                const     0x800'4ad8    0x40  locale.o [3]
  .rodata                const     0x800'4b18    0x40  locale.o [3]
  .rodata                const     0x800'4b58    0x40  ios.instantiations.o [3]
  .rodata                const     0x800'4b98    0x40  iostream_cout.o [3]
  .text                  ro code   0x800'4bd8    0x40  iostream_cout.o [3]
  .text                  ro code   0x800'4c18    0x40  xcloseall.o [2]
  .rodata                const     0x800'4c58    0x38  locale.o [3]
  .rodata                const     0x800'4c90    0x38  locale.o [3]
  .rodata                const     0x800'4cc8    0x38  locale.o [3]
  .rodata                const     0x800'4d00    0x38  locale.o [3]
  .rodata                const     0x800'4d38    0x38  xlocale_c.o [2]
  .text                  ro code   0x800'4d70    0x38  zero_init3.o [6]
  .rodata                const     0x800'4da8    0x34  locale.o [3]
  .rodata                const     0x800'4ddc    0x34  locale.o [3]
  .rodata                const     0x800'4e10    0x34  locale.o [3]
  .rodata                const     0x800'4e44    0x30  locale.o [3]
  .rodata                const     0x800'4e74    0x30  locale.o [3]
  .rodata                const     0x800'4ea4    0x30  locale.o [3]
  .rodata                const     0x800'4ed4    0x30  locale.o [3]
  .text                  ro code   0x800'4f04    0x2c  main.o [1]
  .text                  ro code   0x800'4f30    0x18  main.o [1]
  .text                  ro code   0x800'4f48     0x8  main.o [1]
  .rodata                const     0x800'4f50    0x28  locale.o [3]
  .rodata                const     0x800'4f78    0x28  locale.o [3]
  .rodata                const     0x800'4fa0    0x28  ios.instantiations.o [3]
  .text                  ro code   0x800'4fc8    0x28  data_init.o [6]
  .text                  ro code   0x800'4ff0    0x26  iar_newlocale.o [3]
  .rodata                const     0x800'5018    0x24  locale.o [3]
  .rodata                const     0x800'503c    0x24  locale.o [3]
  .text                  ro code   0x800'5060    0x22  fpinit_M.o [5]
  .iar.init_table        const     0x800'5084    0x24  - Linker created -
  .rodata                const     0x800'50a8    0x20  locale.o [3]
  .rodata                const     0x800'50c8    0x20  locale.o [3]
  .rodata                const     0x800'50e8    0x20  locale.o [3]
  .rodata                const     0x800'5108    0x20  locale.o [3]
  .text                  ro code   0x800'5128    0x20  cmain_call_ctors.o [6]
  .text                  ro code   0x800'5148    0x1e  locale.o [3]
  .text                  ro code   0x800'5166    0x1e  locale.o [3]
  .text                  ro code   0x800'5184    0x1e  cmain.o [6]
  .text                  ro code   0x800'51a2     0x4  low_level_init.o [2]
  .text                  ro code   0x800'51a6     0x4  exit.o [2]
  .text                  ro code   0x800'51ac    0x12  cexit.o [6]
  .rodata                const     0x800'51c0    0x1c  locale.o [3]
  .rodata                const     0x800'51dc    0x1c  locale.o [3]
  .rodata                const     0x800'51f8    0x1c  locale.o [3]
  .rodata                const     0x800'5214    0x1c  locale.o [3]
  .text                  ro code   0x800'5230    0x1c  cstartup_M.o [6]
  .text                  ro code   0x800'524c    0x1c  locale.o [3]
  .rodata                const     0x800'5268    0x18  locale.o [3]
  .rodata                const     0x800'5280    0x18  locale.o [3]
  .text                  ro code   0x800'5298    0x18  ios.instantiations.o [3]
  .rodata                const     0x800'52b0    0x14  locale.o [3]
  .rodata                const     0x800'52c4    0x14  locale.o [3]
  .text                  ro code   0x800'52d8    0x14  locale.o [3]
  .text                  ro code   0x800'52ec    0x14  locale.o [3]
  .text                  ro code   0x800'5300    0x14  locale.o [3]
  .text                  ro code   0x800'5314    0x14  locale.o [3]
  .text                  ro code   0x800'5328    0x14  locale.o [3]
  .text                  ro code   0x800'533c    0x14  locale.o [3]
  .text                  ro code   0x800'5350    0x14  locale.o [3]
  .text                  ro code   0x800'5364    0x14  locale.o [3]
  .text                  ro code   0x800'5378    0x14  locale.o [3]
  .text                  ro code   0x800'538c    0x14  locale.o [3]
  .text                  ro code   0x800'53a0    0x14  locale.o [3]
  .text                  ro code   0x800'53b4    0x14  locale.o [3]
  .text                  ro code   0x800'53c8    0x14  locale.o [3]
  .text                  ro code   0x800'53dc    0x14  locale.o [3]
  .text                  ro code   0x800'53f0    0x14  locale.o [3]
  .text                  ro code   0x800'5404    0x14  locale.o [3]
  .text                  ro code   0x800'5418    0x14  locale.o [3]
  .text                  ro code   0x800'542c    0x14  locale.o [3]
  .text                  ro code   0x800'5440    0x14  locale.o [3]
  .text                  ro code   0x800'5454    0x14  locale.o [3]
  .rodata                const     0x800'5468    0x10  ios.o [3]
  .rodata                const     0x800'5478    0x10  ios.instantiations.o [3]
  .text                  ro code   0x800'5488     0xe  ios.instantiations.o [3]
  .text                  ro code   0x800'5496     0xe  iar_newlocale.o [3]
  .rodata                const     0x800'54a4     0xc  main.o [1]
  .text                  ro code   0x800'54b0     0xc  iostream_cout.o [3]
  .rodata                const     0x800'54bc     0x8  locale.o [3]
  .rodata                const     0x800'54c4     0x8  ios.instantiations.o [3]
  SHT$$PREINIT_ARRAY               0x800'54cc     0x4  <Block>
    .preinit_array       const     0x800'54cc     0x4  iostream_cout.o [3]
  SHT$$INIT_ARRAY                  0x800'54d0     0x4  <Block>
    .init_array          const     0x800'54d0     0x4  iar_newlocale.o [3]
  __iar_tls$$INIT_ARRAY            0x800'54d4     0x0  <Block>
  .text                  ro code   0x800'54d4     0x4  ios.instantiations.o [3]
  .text                  ro code   0x800'54d8     0x0  cstart_call_dtors.o [6]
  .text                  ro code   0x800'54d8     0x0  cstart_closeall.o [6]
  .rodata                const     0x800'54d8     0x0  zero_init3.o [6]
  .rodata                const     0x800'54d8     0x0  lz77_init_single.o [6]
  Initializer bytes      const     0x800'54d8    0x71  <for P2-1>
                                 - 0x800'5549  0x5509

"P2", part 1 of 3:                              0x168
  P2-1                            0x2000'0000   0x168  <Init block>
    .data                inited   0x2000'0000    0x48  xfiles.o [2]
    .data                inited   0x2000'0048    0x48  xfiles.o [2]
    .data                inited   0x2000'0090    0x48  xfiles.o [2]
    .data                inited   0x2000'00d8    0x20  xfiles.o [2]
    .data                inited   0x2000'00f8    0x38  xlocale_c.o [2]
    .data                inited   0x2000'0130    0x18  xlocale_c.o [2]
    .data                inited   0x2000'0148    0x18  xlocale_c.o [2]
    .data                inited   0x2000'0160     0x8  XShttio.o [2]
                                - 0x2000'0168   0x168

"P2", part 2 of 3:                              0x4cc
  .bss                   zero     0x2000'0168   0x178  locale.o [3]
  .bss                   zero     0x2000'02e0    0xb0  locale.o [3]
  .bss                   zero     0x2000'0390    0x90  iostream_cout.o [3]
  .bss                   zero     0x2000'0420    0x80  XShHandles.o [2]
  .bss                   zero     0x2000'04a0    0x50  xfiles.o [2]
  .bss                   zero     0x2000'04f0    0x50  xfiles.o [2]
  .bss                   zero     0x2000'0540    0x1c  iar_newlocale.o [3]
  .bss                   zero     0x2000'055c     0xc  locale.o [3]
  .bss                   zero     0x2000'0568     0x8  locale.o [3]
  .bss                   zero     0x2000'0570     0x8  locale.o [3]
  .bss                   zero     0x2000'0578     0x8  locale.o [3]
  .bss                   zero     0x2000'0580     0x8  locale.o [3]
  .bss                   zero     0x2000'0588     0x8  locale.o [3]
  .bss                   zero     0x2000'0590     0x8  locale.o [3]
  .bss                   zero     0x2000'0598     0x8  locale.o [3]
  .bss                   zero     0x2000'05a0     0x8  locale.o [3]
  .bss                   zero     0x2000'05a8     0x8  locale.o [3]
  .bss                   zero     0x2000'05b0     0x8  locale.o [3]
  .bss                   zero     0x2000'05b8     0x8  locale.o [3]
  .bss                   zero     0x2000'05c0     0x8  locale.o [3]
  .bss                   zero     0x2000'05c8     0x8  locale.o [3]
  .bss                   zero     0x2000'05d0     0x8  locale.o [3]
  .bss                   zero     0x2000'05d8     0x8  locale.o [3]
  .bss                   zero     0x2000'05e0     0x8  locale.o [3]
  .bss                   zero     0x2000'05e8     0x8  locale.o [3]
  .bss                   zero     0x2000'05f0     0x8  locale.o [3]
  .bss                   zero     0x2000'05f8     0x8  locale.o [3]
  .bss                   zero     0x2000'0600     0x8  locale.o [3]
  .bss                   zero     0x2000'0608     0x8  locale.o [3]
  .bss                   zero     0x2000'0610     0x8  heap0.o [2]
  .bss                   zero     0x2000'0618     0x4  locale.o [3]
  .bss                   zero     0x2000'061c     0x4  cppinit.o [2]
  .bss                   zero     0x2000'0620     0x4  cppinit.o [2]
  .bss                   zero     0x2000'0624     0x4  new.o [4]
  .bss                   zero     0x2000'0628     0x4  xgetmemchunk.o [2]
  .bss                   zero     0x2000'062c     0x4  xfail_s.o [2]
  .tbss                  zero     0x2000'0630     0x4  errno.o [2]
                                - 0x2000'0634   0x4cc

"P2", part 3 of 3:                             0x41bc
  .iar.dynexit                    0x2000'0634   0x1bc  <Block>
    .iar.dynexit         uninit   0x2000'0634     0xc  cppinit.o [2]
    .iar.dynexit         uninit   0x2000'0640   0x1b0  <Block tail>
  CSTACK                          0x2000'07f0  0x2000  <Block>
    CSTACK               uninit   0x2000'07f0  0x2000  <Block tail>
  HEAP                            0x2000'27f0  0x2000  <Block>
    HEAP                 uninit   0x2000'27f0  0x2000  <Block tail>
                                - 0x2000'47f0  0x41bc

Unused ranges:

         From           To      Size
         ----           --      ----
   0x800'5549   0x803'ffff  0x3'aab7
  0x2000'47f0  0x2001'ffff  0x1'b810


*******************************************************************************
*** INIT TABLE
***

          Address      Size
          -------      ----
Zero (__iar_zero_init3)
    1 destination range, total size 0x4cc:
          0x2000'0168  0x4cc

Copy/lz77 (__iar_lz77_init_single3)
    1 source range, total size 0x71 (31% of destination):
           0x800'54d8   0x71
    1 destination range, total size 0x168:
          0x2000'0000  0x168

Extra (__iar_cstart_call_ctors)



*******************************************************************************
*** MODULE SUMMARY
***

    Module                       ro code  ro data  rw data
    ------                       -------  -------  -------
command line/config:
    ------------------------------------------------------
    Total:

D:\POIP\POIP\TheFirstProject\Debug\Obj: [1]
    main.o                         1'456       12
    ------------------------------------------------------
    Total:                         1'456       12

dl7M_tlf.a: [2]
    XShHandles.o                     204               128
    XShttio.o                          8        3        8
    abort.o                            6
    cppinit.o                        160                20
    errno.o                           36                 4
    exit.o                             4
    fclose.o                         126
    fflush.o                         172
    fputc.o                           84
    fseek.o                           36
    fwrite.o                         184
    heap0.o                          592                 8
    heaptramp0.o                       4
    low_level_init.o                   4
    tp_nothreads.o                     4
    vsnprint.o                        60
    xcloseall.o                       64
    xfail_s.o                         64                 4
    xfgpos.o                          12
    xfiles.o                                   77      408
    xfofind.o                        140
    xfspos.o                         216
    xfwprep.o                        180
    xgetmemchunk.o                    44                 4
    xlocale_c.o                       24      166      104
    xprintffull_nomb.o             3'754
    xsnprout.o                        26
    ------------------------------------------------------
    Total:                         6'208      246      688

dllibcpp7M_tls_fc.a: [3]
    iar_locale.o                      40
    iar_newlocale.o                  776        4       28
    ios.instantiations.o             634      128
    ios.o                            180       16
    iostream_cout.o                  542       68      144
    locale.o                       4'744    2'450      736
    memory.o                           2
    mutex.o                           24
    string.o                          80
    vector.o                           4
    ------------------------------------------------------
    Total:                         7'026    2'666      908

dlpprt7M_tl_fc.a: [4]
    cxxabi.o                          10
    delaop_0.o                         4
    delop4_0.o                         4
    delop6_0.o                         4
    delop_0.o                         10
    new.o                                                4
    newop3_0.o                        40
    newop_0.o                         36
    nomemory.o                         4
    ------------------------------------------------------
    Total:                           112                 4

m7M_tls.a: [5]
    DblAddSub.o                      590
    DblCmpGe.o                        52
    DblCmpLe.o                        52
    DblDiv.o                         582
    DblMul.o                         426
    DblToS32.o                        54
    DblToU32.o                        34
    S32ToDbl.o                        34
    U32ToDbl.o                        28
    fpinit_M.o                        34
    frexp.o                          112
    ldexp.o                          314
    ------------------------------------------------------
    Total:                         2'312

rt7M_tl.a: [6]
    ABImemcpy_unaligned.o            118
    ABImemset.o                      102
    I64DivMod.o                      560
    I64DivZer.o                        2
    arm_exceptions_uncaught_c.o        4
    cexit.o                           18
    cmain.o                           30
    cmain_call_ctors.o                32
    cstart_call_dtors.o
    cstart_closeall.o
    cstartup_M.o                      28
    data_init.o                       40
    lz77_init_single.o               126
    memchr.o                          88
    strchr.o                          22
    strlen.o                          54
    vector_table_M.o                  64
    vectortrap_M.o                     2
    zero_init3.o                      56
    ------------------------------------------------------
    Total:                         1'346

shb_l.a: [7]
    close.o                           24
    dwrite.o                          30
    exit.o                            20
    iarttio.o                        124
    iarwrite.o                        34
    iarwstd.o                         32
    lseek.o                           78
    remove.o                          20
    unwind_debug.o                              1
    write.o                           16
    ------------------------------------------------------
    Total:                           378        1

    Gaps                              24       10
    Linker created                             36   16'816
----------------------------------------------------------
    Grand Total:                  18'862    2'971   18'416


*******************************************************************************
*** ENTRY LIST
***

Entry                       Address   Size  Type      Object
-----                       -------   ----  ----      ------
.iar.dynexit$$Base      0x2000'0634          --   Gb  - Linker created -
.iar.dynexit$$Limit     0x2000'07f0          --   Gb  - Linker created -
.iar.init_table$$Base    0x800'5084          --   Gb  - Linker created -
.iar.init_table$$Limit   0x800'50a8          --   Gb  - Linker created -
?main                    0x800'5185         Code  Gb  cmain.o [6]
Aldata                  0x2000'0610    0x8  Data  Lc  heap0.o [2]
BusFault_Handler         0x800'1353         Code  Wk  vectortrap_M.o [6]
CSTACK$$Base            0x2000'07f0          --   Gb  - Linker created -
CSTACK$$Limit           0x2000'27f0          --   Gb  - Linker created -
DebugMon_Handler         0x800'1353         Code  Wk  vectortrap_M.o [6]
DtorRecArray            0x2000'0634    0xc  Data  Lc  cppinit.o [2]
HEAP$$Base              0x2000'27f0          --   Gb  - Linker created -
HEAP$$Limit             0x2000'47f0          --   Gb  - Linker created -
HardFault_Handler        0x800'1353         Code  Wk  vectortrap_M.o [6]
MemManage_Handler        0x800'1353         Code  Wk  vectortrap_M.o [6]
NMI_Handler              0x800'1353         Code  Wk  vectortrap_M.o [6]
PendSV_Handler           0x800'1353         Code  Wk  vectortrap_M.o [6]
Region$$Table$$Base      0x800'5084          --   Gb  - Linker created -
Region$$Table$$Limit     0x800'50a8          --   Gb  - Linker created -
SHT$$INIT_ARRAY$$Base    0x800'54d0          --   Gb  - Linker created -
SHT$$INIT_ARRAY$$Limit   0x800'54d4          --   Gb  - Linker created -
SHT$$PREINIT_ARRAY$$Base
                         0x800'54cc          --   Gb  - Linker created -
SHT$$PREINIT_ARRAY$$Limit
                         0x800'54d0          --   Gb  - Linker created -
SVC_Handler              0x800'1353         Code  Wk  vectortrap_M.o [6]
SysTick_Handler          0x800'1353         Code  Wk  vectortrap_M.o [6]
UsageFault_Handler       0x800'1353         Code  Wk  vectortrap_M.o [6]
Virtual function table for std::__stdoutbuf<char>
                         0x800'4b98   0x40  Data  Wk  iostream_cout.o [3]
Virtual function table for std::__time_get_c_storage<char>
                         0x800'5018   0x24  Data  Wk  locale.o [3]
Virtual function table for std::__time_get_c_storage<wchar_t>
                         0x800'503c   0x24  Data  Wk  locale.o [3]
Virtual function table for std::codecvt<char, char, _Mbstatet>
                         0x800'4e44   0x30  Data  Wk  locale.o [3]
Virtual function table for std::codecvt<char16_t, char, _Mbstatet>
                         0x800'4ea4   0x30  Data  Wk  locale.o [3]
Virtual function table for std::codecvt<char32_t, char, _Mbstatet>
                         0x800'4ed4   0x30  Data  Wk  locale.o [3]
Virtual function table for std::codecvt<wchar_t, char, _Mbstatet>
                         0x800'4e74   0x30  Data  Wk  locale.o [3]
Virtual function table for std::collate<char>
                         0x800'50a8   0x20  Data  Wk  locale.o [3]
Virtual function table for std::collate<wchar_t>
                         0x800'50c8   0x20  Data  Wk  locale.o [3]
Virtual function table for std::ctype<char>
                         0x800'4da8   0x34  Data  Wk  locale.o [3]
Virtual function table for std::ctype<wchar_t>
                         0x800'4a50   0x44  Data  Wk  locale.o [3]
Virtual function table for std::ios
                         0x800'5478   0x10  Data  Wk  ios.instantiations.o [3]
Virtual function table for std::ios_base
                         0x800'5468   0x10  Data  Wk  ios.o [3]
Virtual function table for std::locale::__imp
                         0x800'52c4   0x14  Data  Wk  locale.o [3]
Virtual function table for std::locale::facet
                         0x800'52b0   0x14  Data  Wk  locale.o [3]
Virtual function table for std::messages<char>
                         0x800'50e8   0x20  Data  Wk  locale.o [3]
Virtual function table for std::messages<wchar_t>
                         0x800'5108   0x20  Data  Wk  locale.o [3]
Virtual function table for std::money_get<char, std::istreambuf_iterator<char, std::char_traits<char>>>
                         0x800'51c0   0x1c  Data  Wk  locale.o [3]
Virtual function table for std::money_get<wchar_t, std::istreambuf_iterator<wchar_t, std::char_traits<wchar_t>>>
                         0x800'51dc   0x1c  Data  Wk  locale.o [3]
Virtual function table for std::money_put<char, std::ostreambuf_iterator<char, std::char_traits<char>>>
                         0x800'51f8   0x1c  Data  Wk  locale.o [3]
Virtual function table for std::money_put<wchar_t, std::ostreambuf_iterator<wchar_t, std::char_traits<wchar_t>>>
                         0x800'5214   0x1c  Data  Wk  locale.o [3]
Virtual function table for std::moneypunct<char, (bool)0>
                         0x800'4c58   0x38  Data  Wk  locale.o [3]
Virtual function table for std::moneypunct<char, (bool)1>
                         0x800'4c90   0x38  Data  Wk  locale.o [3]
Virtual function table for std::moneypunct<wchar_t, (bool)0>
                         0x800'4cc8   0x38  Data  Wk  locale.o [3]
Virtual function table for std::moneypunct<wchar_t, (bool)1>
                         0x800'4d00   0x38  Data  Wk  locale.o [3]
Virtual function table for std::num_get<char, std::istreambuf_iterator<char, std::char_traits<char>>>
                         0x800'4ad8   0x40  Data  Wk  locale.o [3]
Virtual function table for std::num_get<wchar_t, std::istreambuf_iterator<wchar_t, std::char_traits<wchar_t>>>
                         0x800'4b18   0x40  Data  Wk  locale.o [3]
Virtual function table for std::num_put<char, std::ostreambuf_iterator<char, std::char_traits<char>>>
                         0x800'4ddc   0x34  Data  Wk  locale.o [3]
Virtual function table for std::num_put<wchar_t, std::ostreambuf_iterator<wchar_t, std::char_traits<wchar_t>>>
                         0x800'4e10   0x34  Data  Wk  locale.o [3]
Virtual function table for std::numpunct<char>
                         0x800'4f50   0x28  Data  Wk  locale.o [3]
Virtual function table for std::numpunct<wchar_t>
                         0x800'4f78   0x28  Data  Wk  locale.o [3]
Virtual function table for std::ostream
                         0x800'4fa0   0x28  Data  Wk  ios.instantiations.o [3]
Virtual function table for std::streambuf
                         0x800'4b58   0x40  Data  Wk  ios.instantiations.o [3]
Virtual function table for std::time_get<char, std::istreambuf_iterator<char, std::char_traits<char>>>
                         0x800'48c4   0x54  Data  Wk  locale.o [3]
Virtual function table for std::time_get<wchar_t, std::istreambuf_iterator<wchar_t, std::char_traits<wchar_t>>>
                         0x800'4918   0x54  Data  Wk  locale.o [3]
Virtual function table for std::time_put<char, std::ostreambuf_iterator<char, std::char_traits<char>>>
                         0x800'5268   0x18  Data  Wk  locale.o [3]
Virtual function table for std::time_put<wchar_t, std::ostreambuf_iterator<wchar_t, std::char_traits<wchar_t>>>
                         0x800'5280   0x18  Data  Wk  locale.o [3]
Virtual table table for std::ostream
                         0x800'54c4    0x8  Data  Wk  ios.instantiations.o [3]
[local to iar_newlocale_cpp]::std::sLast
                        0x2000'0558    0x4  Data  Lc  iar_newlocale.o [3]
[local to iar_newlocale_cpp]::std::sLastName
                        0x2000'0540    0xc  Data  Lc  iar_newlocale.o [3]
[local to iar_newlocale_cpp]::std::sRefCounts
                        0x2000'054c    0xc  Data  Lc  iar_newlocale.o [3]
[local to iostream_cout_cpp]::std::<unnamed>::__coutg
                        0x2000'03e4    0x1  Data  Lc  iostream_cout.o [3]
[local to iostream_cout_cpp]::std::__cout
                        0x2000'03f0   0x30  Data  Lc  iostream_cout.o [3]
[local to iostream_cout_cpp]::std::mb_cout
                        0x2000'03e8    0x8  Data  Lc  iostream_cout.o [3]
_CProfile               0x2000'0130   0x18  Data  Lc  xlocale_c.o [2]
_Close_all               0x800'4c19   0x40  Code  Gb  xcloseall.o [2]
_Files                  0x2000'00d8   0x20  Data  Gb  xfiles.o [2]
_Fofree                  0x800'472d   0x86  Code  Gb  xfofind.o [2]
_Fspos                   0x800'381b   0xd8  Code  Gb  xfspos.o [2]
_Fwprep                  0x800'3bf1   0xb4  Code  Gb  xfwprep.o [2]
_LC                      0x800'0041    0x6  Code  Lc  xprintffull_nomb.o [2]
_LitobFullNoMb           0x800'0d09  0x114  Code  Lc  xprintffull_nomb.o [2]
_LocaleC_lconv           0x800'4d38   0x38  Data  Lc  xlocale_c.o [2]
_Locale_Profile         0x2000'0148   0x18  Data  Lc  xlocale_c.o [2]
_Locale_lconv           0x2000'00f8   0x38  Data  Lc  xlocale_c.o [2]
_Nnl                     0x800'39a1    0xc  Code  Gb  xfgpos.o [2]
_PrintfFullNoMb          0x800'0047  0xc92  Code  Gb  xprintffull_nomb.o [2]
_PutcharsFullNoMb        0x800'0e75   0x2e  Code  Lc  xprintffull_nomb.o [2]
_SNProut                 0x800'0f7f   0x1a  Code  Gb  xsnprout.o [2]
__aeabi_atexit           0x800'4669    0xa  Code  Gb  cxxabi.o [4]
__aeabi_cdcmple          0x800'1155         Code  Gb  DblCmpLe.o [5]
__aeabi_cdrcmple         0x800'1189         Code  Gb  DblCmpGe.o [5]
__aeabi_d2iz             0x800'12f9         Code  Gb  DblToS32.o [5]
__aeabi_d2uiz            0x800'17ed         Code  Gb  DblToU32.o [5]
__aeabi_ddiv             0x800'15a5         Code  Gb  DblDiv.o [5]
__aeabi_dmul             0x800'182d         Code  Gb  DblMul.o [5]
__aeabi_dsub             0x800'14c1         Code  Gb  DblAddSub.o [5]
__aeabi_i2d              0x800'1331         Code  Gb  S32ToDbl.o [5]
__aeabi_ldiv0            0x800'1c4d         Code  Gb  I64DivZer.o [6]
__aeabi_memset           0x800'42c9         Code  Gb  ABImemset.o [6]
__aeabi_ui2d             0x800'1811         Code  Gb  U32ToDbl.o [5]
__aeabi_uldivmod         0x800'19f1         Code  Gb  I64DivMod.o [6]
__basic_aligned_alloc    0x800'3033  0x114  Code  Gb  heap0.o [2]
__basic_free             0x800'2fa9   0x16  Code  Gb  heap0.o [2]
__basic_free_intern      0x800'2fbf   0x74  Code  Lc  heap0.o [2]
__basic_malloc           0x800'2efd   0x18  Code  Gb  heap0.o [2]
__basic_malloc_intern    0x800'2f15   0x94  Code  Lc  heap0.o [2]
__call_ctors             0x800'4445   0x18  Code  Gb  cppinit.o [2]
__call_dtors             0x800'4493    0xc  Code  Gb  cppinit.o [2]
__call_dtors0            0x800'449f   0x36  Code  Gb  cppinit.o [2]
__cexit_call_dtors       0x800'51af         Code  Gb  cexit.o [6]
__cexit_closeall         0x800'51b3         Code  Gb  cexit.o [6]
__close                  0x800'4837   0x18  Code  Gb  close.o [7]
__cmain                  0x800'5185         Code  Gb  cmain.o [6]
__cstart_call_dtors      0x800'54d8         Data  Gb  cstart_call_dtors.o [6]
__cstart_closeall        0x800'54d8         Data  Gb  cstart_closeall.o [6]
__cxa_atexit             0x800'445d   0x36  Code  Gb  cppinit.o [2]
__data_GetMemChunk       0x800'31cd   0x2c  Code  Gb  xgetmemchunk.o [2]
__data_GetMemChunk::start
                        0x2000'0628    0x4  Data  Lc  xgetmemchunk.o [2]
__dso_handle            0x2000'0620    0x4  Data  Gb  cppinit.o [2]
__dwrite                 0x800'3ad9   0x1e  Code  Gb  dwrite.o [7]
__exit                   0x800'1c51   0x14  Code  Gb  exit.o [7]
__iar_CProfile           0x800'19d9    0x4  Code  Gb  xlocale_c.o [2]
__iar_C_Locale           0x800'49c0   0x48  Data  Lc  xlocale_c.o [2]
__iar_Errno             0x2000'0630    0x4  Tls   Gb  errno.o [2]
__iar_Fail_s             0x800'0f99   0x1c  Code  Gb  xfail_s.o [2]
__iar_Memchr             0x800'1015         Code  Gb  memchr.o [6]
__iar_Memset             0x800'42c9         Code  Gb  ABImemset.o [6]
__iar_Memset_word        0x800'42d1         Code  Gb  ABImemset.o [6]
__iar_Stderr            0x2000'0090   0x48  Data  Gb  xfiles.o [2]
__iar_Stdin             0x2000'0000   0x48  Data  Gb  xfiles.o [2]
__iar_Stdout            0x2000'0048   0x48  Data  Gb  xfiles.o [2]
__iar_Strchr             0x800'0f69         Code  Gb  strchr.o [6]
__iar_close_ttio         0x800'1c69   0x2c  Code  Gb  iarttio.o [7]
__iar_cstart_call_ctors
                         0x800'5129   0x20  Code  Gb  cmain_call_ctors.o [6]
__iar_data_init3         0x800'4fc9   0x28  Code  Gb  data_init.o [6]
__iar_debug_exceptions   0x800'15a2    0x1  Data  Gb  unwind_debug.o [7]
__iar_errno_set          0x800'1c29    0xe  Code  Gb  errno.o [2]
__iar_errno_set_ERANGE   0x800'1c37    0xc  Code  Gb  errno.o [2]
__iar_frexp              0x800'10f1         Code  Gb  frexp.o [5]
__iar_frexpl             0x800'10f1         Code  Gb  frexp.o [5]
__iar_get_ttio           0x800'1c95   0x4c  Code  Gb  iarttio.o [7]
__iar_global_Profile     0x800'19dd    0x4  Code  Gb  xlocale_c.o [2]
__iar_init_vfp           0x800'5061         Code  Gb  fpinit_M.o [5]
__iar_ldexp64            0x800'11bd         Code  Gb  ldexp.o [5]
__iar_lookup_ttioh       0x800'1ce5    0x8  Code  Gb  XShttio.o [2]
__iar_lz77_init_single3
                         0x800'0eeb   0x7e  Code  Gb  lz77_init_single.o [6]
__iar_nothread_read_tp   0x800'1c65    0x4  Code  Gb  tp_nothreads.o [2]
__iar_program_start      0x800'5231         Code  Gb  cstartup_M.o [6]
__iar_scalbln64          0x800'11bd         Code  Gb  ldexp.o [5]
__iar_scalbn64           0x800'11bd         Code  Gb  ldexp.o [5]
__iar_sh_Discard         0x800'3a0d   0x42  Code  Gb  XShHandles.o [2]
__iar_sh_Move            0x800'3a4f   0x46  Code  Gb  XShHandles.o [2]
__iar_sh_Pos             0x800'3a95   0x40  Code  Gb  XShHandles.o [2]
__iar_sh_stdout          0x800'3af7   0x20  Code  Gb  iarwstd.o [7]
__iar_sh_write           0x800'3b17   0x22  Code  Gb  iarwrite.o [7]
__iar_softfp___iar_frexp64
                         0x800'10e5         Code  Gb  frexp.o [5]
__iar_softfp_frexp       0x800'10e5         Code  Gb  frexp.o [5]
__iar_softfp_frexpl      0x800'10e5         Code  Gb  frexp.o [5]
__iar_tls$$INIT_ARRAY$$Base
                         0x800'54d4          --   Gb  - Linker created -
__iar_tls$$INIT_ARRAY$$Limit
                         0x800'54d4          --   Gb  - Linker created -
__iar_ttio_handles      0x2000'0160    0x8  Data  Lc  XShttio.o [2]
__iar_unaligned_memcpy   0x800'106d         Code  Gb  ABImemcpy_unaligned.o [6]
__iar_unaligned_memcpy4
                         0x800'108d         Code  Gb  ABImemcpy_unaligned.o [6]
__iar_unaligned_memcpy8
                         0x800'108d         Code  Gb  ABImemcpy_unaligned.o [6]
__iar_zero_init3         0x800'4d71   0x38  Code  Gb  zero_init3.o [6]
__low_level_init         0x800'51a3    0x4  Code  Gb  low_level_init.o [2]
__lseek                  0x800'39ad   0x4e  Code  Gb  lseek.o [7]
__no_uncaught_exception
                         0x800'40ef    0x4  Code  Gb  arm_exceptions_uncaught_c.o [6]
__sti__routine           0x800'458d   0x68  Code  Lc  iostream_cout.o [3]
__sti__routine           0x800'4a95   0x32  Code  Lc  iar_newlocale.o [3]
__vector_table           0x800'0000         Data  Gb  vector_table_M.o [6]
__write                  0x800'39fb   0x10  Code  Gb  write.o [7]
_call_main               0x800'5191         Code  Gb  cmain.o [6]
_exit                    0x800'51ad         Code  Gb  cexit.o [6]
abort                    0x800'1c21    0x6  Code  Gb  abort.o [2]
char * std::__to_address<char>(char *)
                         0x800'41c3    0x2  Code  Wk  main.o [1]
char * std::addressof<char>(char &)
                         0x800'3819    0x2  Code  Wk  main.o [1]
ebuf                    0x2000'04a0   0x50  Data  Lc  xfiles.o [2]
exit                     0x800'51a7    0x4  Code  Gb  exit.o [2]
fclose                   0x800'47b9   0x7e  Code  Gb  fclose.o [2]
fflush                   0x800'3969   0x34  Code  Gb  fflush.o [2]
fflushOne                0x800'38f5   0x74  Code  Lc  fflush.o [2]
fputc                    0x800'496d   0x54  Code  Gb  fputc.o [2]
free                     0x800'2ebf    0x4  Code  Gb  heaptramp0.o [2]
freelocale               0x800'2a39   0xa4  Code  Wk  iar_newlocale.o [3]
fseek                    0x800'3ca5   0x24  Code  Gb  fseek.o [2]
fwrite                   0x800'3b39   0xb8  Code  Gb  fwrite.o [2]
ldexp                    0x800'11bd         Code  Gb  ldexp.o [5]
ldexpl                   0x800'11bd         Code  Gb  ldexp.o [5]
localeconv               0x800'19e1    0x4  Code  Gb  xlocale_c.o [2]
main                     0x800'4f05   0x2c  Code  Gb  main.o [1]
memchr                   0x800'1015         Code  Gb  memchr.o [6]
next_abi_dtor_rec       0x2000'061c    0x4  Data  Lc  cppinit.o [2]
obuf                    0x2000'04f0   0x50  Data  Lc  xfiles.o [2]
operator delete (void *)
                         0x800'2b19    0xa  Code  Gb  delop_0.o [4]
operator delete (void *, unsigned int)
                         0x800'2545    0x4  Code  Gb  delop4_0.o [4]
operator delete (void *, unsigned int, std::align_val_t)
                         0x800'323f    0x4  Code  Gb  delop6_0.o [4]
operator delete[] (void *)
                         0x800'29fb    0x4  Code  Gb  delaop_0.o [4]
operator new (unsigned int)
                         0x800'2b71   0x24  Code  Gb  newop_0.o [4]
operator new (unsigned int, std::align_val_t)
                         0x800'4365   0x28  Code  Gb  newop3_0.o [4]
remove                   0x800'484f   0x14  Code  Gb  remove.o [7]
sFileInfo               0x2000'0420   0x80  Data  Lc  XShHandles.o [2]
scalbln                  0x800'11bd         Code  Gb  ldexp.o [5]
scalblnl                 0x800'11bd         Code  Gb  ldexp.o [5]
scalbn                   0x800'11bd         Code  Gb  ldexp.o [5]
scalbnl                  0x800'11bd         Code  Gb  ldexp.o [5]
scale                    0x800'0e1d   0x46  Code  Lc  xprintffull_nomb.o [2]
sec_hand                0x2000'062c    0x4  Data  Lc  xfail_s.o [2]
snprintf_l               0x800'2a15   0x24  Code  Gb  iar_locale.o [3]
std::<unnamed>::__cout_guard::~__cout_guard()
                         0x800'45f5    0xe  Code  Lc  iostream_cout.o [3]
std::_GLOBAL__N__10_locale_cpp_3334805e::make<std::codecvt<char, char, mbstate_t>, unsigned int>(unsigned int)::buf
                        0x2000'01d0    0x8  Data  Lc  locale.o [3]
std::_GLOBAL__N__10_locale_cpp_3334805e::make<std::codecvt<char16_t, char, mbstate_t>, unsigned int>(unsigned int)::buf
                        0x2000'01e8    0x8  Data  Lc  locale.o [3]
std::_GLOBAL__N__10_locale_cpp_3334805e::make<std::codecvt<char32_t, char, mbstate_t>, unsigned int>(unsigned int)::buf
                        0x2000'01f0    0x8  Data  Lc  locale.o [3]
std::_GLOBAL__N__10_locale_cpp_3334805e::make<std::codecvt<wchar_t, char, mbstate_t>, unsigned int>(unsigned int)::buf
                        0x2000'01d8   0x10  Data  Lc  locale.o [3]
std::_GLOBAL__N__10_locale_cpp_3334805e::make<std::collate<char>, unsigned int>(unsigned int)::buf
                        0x2000'01b8    0x8  Data  Lc  locale.o [3]
std::_GLOBAL__N__10_locale_cpp_3334805e::make<std::collate<wchar_t>, unsigned int>(unsigned int)::buf
                        0x2000'01c0    0x8  Data  Lc  locale.o [3]
std::_GLOBAL__N__10_locale_cpp_3334805e::make<std::ctype<char>, std::nullptr_t, bool, unsigned int>(std::nullptr_t, bool, unsigned int)::buf
                        0x2000'0168   0x10  Data  Lc  locale.o [3]
std::_GLOBAL__N__10_locale_cpp_3334805e::make<std::ctype<wchar_t>, unsigned int>(unsigned int)::buf
                        0x2000'01c8    0x8  Data  Lc  locale.o [3]
std::_GLOBAL__N__10_locale_cpp_3334805e::make<std::locale::__imp, unsigned int>(unsigned int)::buf
                        0x2000'02e8   0xa8  Data  Lc  locale.o [3]
std::_GLOBAL__N__10_locale_cpp_3334805e::make<std::messages<char>, unsigned int>(unsigned int)::buf
                        0x2000'02d0    0x8  Data  Lc  locale.o [3]
std::_GLOBAL__N__10_locale_cpp_3334805e::make<std::messages<wchar_t>, unsigned int>(unsigned int)::buf
                        0x2000'02d8    0x8  Data  Lc  locale.o [3]
std::_GLOBAL__N__10_locale_cpp_3334805e::make<std::money_get<char>, unsigned int>(unsigned int)::buf
                        0x2000'0270    0x8  Data  Lc  locale.o [3]
std::_GLOBAL__N__10_locale_cpp_3334805e::make<std::money_get<wchar_t>, unsigned int>(unsigned int)::buf
                        0x2000'0278    0x8  Data  Lc  locale.o [3]
std::_GLOBAL__N__10_locale_cpp_3334805e::make<std::money_put<char>, unsigned int>(unsigned int)::buf
                        0x2000'0280    0x8  Data  Lc  locale.o [3]
std::_GLOBAL__N__10_locale_cpp_3334805e::make<std::money_put<wchar_t>, unsigned int>(unsigned int)::buf
                        0x2000'0288    0x8  Data  Lc  locale.o [3]
std::_GLOBAL__N__10_locale_cpp_3334805e::make<std::moneypunct<char, false>, unsigned int>(unsigned int)::buf
                        0x2000'0250    0x8  Data  Lc  locale.o [3]
std::_GLOBAL__N__10_locale_cpp_3334805e::make<std::moneypunct<char, true>, unsigned int>(unsigned int)::buf
                        0x2000'0258    0x8  Data  Lc  locale.o [3]
std::_GLOBAL__N__10_locale_cpp_3334805e::make<std::moneypunct<wchar_t, false>, unsigned int>(unsigned int)::buf
                        0x2000'0260    0x8  Data  Lc  locale.o [3]
std::_GLOBAL__N__10_locale_cpp_3334805e::make<std::moneypunct<wchar_t, true>, unsigned int>(unsigned int)::buf
                        0x2000'0268    0x8  Data  Lc  locale.o [3]
std::_GLOBAL__N__10_locale_cpp_3334805e::make<std::num_get<char>, unsigned int>(unsigned int)::buf
                        0x2000'0230    0x8  Data  Lc  locale.o [3]
std::_GLOBAL__N__10_locale_cpp_3334805e::make<std::num_get<wchar_t>, unsigned int>(unsigned int)::buf
                        0x2000'0238    0x8  Data  Lc  locale.o [3]
std::_GLOBAL__N__10_locale_cpp_3334805e::make<std::num_put<char>, unsigned int>(unsigned int)::buf
                        0x2000'0240    0x8  Data  Lc  locale.o [3]
std::_GLOBAL__N__10_locale_cpp_3334805e::make<std::num_put<wchar_t>, unsigned int>(unsigned int)::buf
                        0x2000'0248    0x8  Data  Lc  locale.o [3]
std::_GLOBAL__N__10_locale_cpp_3334805e::make<std::numpunct<char>, unsigned int>(unsigned int)::buf
                        0x2000'01f8   0x18  Data  Lc  locale.o [3]
std::_GLOBAL__N__10_locale_cpp_3334805e::make<std::numpunct<wchar_t>, unsigned int>(unsigned int)::buf
                        0x2000'0210   0x20  Data  Lc  locale.o [3]
std::_GLOBAL__N__10_locale_cpp_3334805e::make<std::time_get<char>, unsigned int>(unsigned int)::buf
                        0x2000'0290   0x10  Data  Lc  locale.o [3]
std::_GLOBAL__N__10_locale_cpp_3334805e::make<std::time_get<wchar_t>, unsigned int>(unsigned int)::buf
                        0x2000'02a0   0x10  Data  Lc  locale.o [3]
std::_GLOBAL__N__10_locale_cpp_3334805e::make<std::time_put<char>, unsigned int>(unsigned int)::buf
                        0x2000'02b0   0x10  Data  Lc  locale.o [3]
std::_GLOBAL__N__10_locale_cpp_3334805e::make<std::time_put<wchar_t>, unsigned int>(unsigned int)::buf
                        0x2000'02c0   0x10  Data  Lc  locale.o [3]
std::_NomemoryNothrow()
                         0x800'2ef7    0x4  Code  Gb  nomemory.o [4]
std::__basic_string_common<(bool)1>::__throw_length_error() const
                         0x800'2b6d    0x4  Code  Wk  string.o [3]
std::__call_once(unsigned long volatile &, void *, void (*)(void *))
                         0x800'29e3   0x18  Code  Gb  mutex.o [3]
std::__cloc()            0x800'2a11    0x4  Code  Gb  iar_locale.o [3]
std::__compressed_pair<std::string::__rep, std::allocator<char>>::__compressed_pair<std::__default_init_tag, std::__default_init_tag>(std::__default_init_tag &&, std::__default_init_tag &&)
                         0x800'4115   0x26  Code  Wk  main.o [1]
std::__compressed_pair<std::string::__rep, std::allocator<char>>::first()
                         0x800'315d    0x8  Code  Wk  main.o [1]
std::__compressed_pair<std::string::__rep, std::allocator<char>>::first() const
                         0x800'314d    0x8  Code  Wk  main.o [1]
std::__compressed_pair<std::string::__rep, std::allocator<char>>::second()
                         0x800'3155    0x8  Code  Wk  main.o [1]
std::__compressed_pair<std::string::__rep, std::allocator<char>>::second() const
                         0x800'4337    0x8  Code  Wk  main.o [1]
std::__compressed_pair_elem<std::allocator<char>, (int)1, (bool)1>::__compressed_pair_elem(std::__default_init_tag)
                         0x800'426b    0xe  Code  Wk  main.o [1]
std::__compressed_pair_elem<std::allocator<char>, (int)1, (bool)1>::__compressed_pair_elem(std::__default_init_tag) [subobject]
                         0x800'41cf    0x8  Code  Wk  main.o [1]
std::__compressed_pair_elem<std::allocator<char>, (int)1, (bool)1>::__get()
                         0x800'31fb    0x2  Code  Wk  main.o [1]
std::__compressed_pair_elem<std::allocator<char>, (int)1, (bool)1>::__get() const
                         0x800'4363    0x2  Code  Wk  main.o [1]
std::__compressed_pair_elem<std::string::__rep, (int)0, (bool)0>::__compressed_pair_elem(std::__default_init_tag)
                         0x800'4269    0x2  Code  Wk  main.o [1]
std::__compressed_pair_elem<std::string::__rep, (int)0, (bool)0>::__compressed_pair_elem(std::__default_init_tag) [subobject]
                         0x800'41c7    0x8  Code  Wk  main.o [1]
std::__compressed_pair_elem<std::string::__rep, (int)0, (bool)0>::__get()
                         0x800'31fd    0x2  Code  Wk  main.o [1]
std::__compressed_pair_elem<std::string::__rep, (int)0, (bool)0>::__get() const
                         0x800'31f9    0x2  Code  Wk  main.o [1]
std::__default_init_tag && std::forward<std::__default_init_tag>(std::remove_reference<std::__default_init_tag>::type &)
                         0x800'41c5    0x2  Code  Wk  main.o [1]
std::__iar_New_hand     0x2000'0624    0x4  Data  Gb  new.o [4]
std::__libcpp_deallocate(void *, unsigned int, unsigned int)
                         0x800'31ff   0x20  Code  Wk  main.o [1]
std::__non_trivial_if<(bool)1, std::allocator<char>>::__non_trivial_if()
                         0x800'4395    0x2  Code  Wk  main.o [1]
std::__non_trivial_if<(bool)1, std::allocator<char>>::__non_trivial_if() [subobject]
                         0x800'438d    0x8  Code  Wk  main.o [1]
std::__num_put<char>::__widen_and_group_int(char *, char *, char *, char *, char *&, char *&, std::locale const &)
                         0x800'3645  0x174  Code  Wk  locale.o [3]
std::__num_put_base::__format_int(char *, char const *, bool, unsigned int)
                         0x800'249d   0x64  Code  Gb  locale.o [3]
std::__num_put_base::__identify_padding(char *, char *, std::ios_base const &)
                         0x800'2501   0x3a  Code  Gb  locale.o [3]
std::__shared_count::__release_shared()
                         0x800'254b   0x32  Code  Wk  locale.o [3]
std::__shared_count::~__shared_count() [subobject]
                         0x800'2549    0x2  Code  Gb  memory.o [3]
std::__split_buffer<std::locale::facet *, std::__sso_allocator<std::locale::facet *, (unsigned int)30> &>::__split_buffer(unsigned int, unsigned int, std::__sso_allocator<std::locale::facet *, (unsigned int)30> &)
                         0x800'2c2b   0x2c  Code  Wk  locale.o [3]
std::__split_buffer<std::locale::facet *, std::__sso_allocator<std::locale::facet *, (unsigned int)30> &>::~__split_buffer()
                         0x800'2c61   0x28  Code  Wk  locale.o [3]
std::__stdoutbuf<char>::__stdoutbuf(__FILE *, _Mbstatet *)
                         0x800'4625   0x44  Code  Wk  iostream_cout.o [3]
std::__stdoutbuf<char>::overflow(int)
                         0x800'4397   0xae  Code  Wk  iostream_cout.o [3]
std::__stdoutbuf<char>::sync()
                         0x800'4a09   0x48  Code  Wk  iostream_cout.o [3]
std::__stdoutbuf<char>::xsputn(char const *, int)
                         0x800'4bd9   0x40  Code  Wk  iostream_cout.o [3]
std::__stdoutbuf<char>::~__stdoutbuf()
                         0x800'54b1    0xc  Code  Wk  iostream_cout.o [3]
std::__tree<std::__value_type<_Locale_Profile_t const *, int>, std::__map_value_compare<_Locale_Profile_t const *, std::__value_type<_Locale_Profile_t const *, int>, std::less<_Locale_Profile_t const *>, (bool)1>, std::allocator<std::__value_type<_Locale_Profile_t const *, int>>>::destroy(std::__tree_node<std::__value_type<_Locale_Profile_t const *, int>, void *> *)
                         0x800'4ff1   0x26  Code  Wk  iar_newlocale.o [3]
std::__vector_base<std::locale::facet *, std::__sso_allocator<std::locale::facet *, (unsigned int)30>>::__destruct_at_end(std::locale::facet **)
                         0x800'2c89   0x10  Code  Wk  locale.o [3]
std::__vector_base<std::locale::facet *, std::__sso_allocator<std::locale::facet *, (unsigned int)30>>::capacity() const
                         0x800'2bcb    0xc  Code  Wk  locale.o [3]
std::__vector_base<std::locale::facet *, std::__sso_allocator<std::locale::facet *, (unsigned int)30>>::~__vector_base()
                         0x800'28cb   0x2a  Code  Wk  locale.o [3]
std::__vector_base_common<(bool)1>::__throw_length_error() const
                         0x800'2ec9    0x4  Code  Wk  vector.o [3]
std::allocator<char>::allocate(unsigned int)
                         0x800'4291   0x34  Code  Wk  main.o [1]
std::allocator<char>::allocator()
                         0x800'4355    0xe  Code  Wk  main.o [1]
std::allocator<char>::allocator() [subobject]
                         0x800'432f    0x8  Code  Wk  main.o [1]
std::allocator<char>::deallocate(char *, unsigned int)
                         0x800'3165    0xe  Code  Wk  main.o [1]
std::allocator<char>::max_size() const
                         0x800'433f    0x6  Code  Wk  main.o [1]
std::allocator_traits<std::__sso_allocator<std::locale::facet *, (unsigned int)30>>::allocate(std::__sso_allocator<std::locale::facet *, (unsigned int)30> &, unsigned int)
                         0x800'2ecd   0x2a  Code  Wk  locale.o [3]
std::allocator_traits<std::__sso_allocator<std::locale::facet *, (unsigned int)30>>::deallocate(std::__sso_allocator<std::locale::facet *, (unsigned int)30> &, std::locale::facet **, unsigned int)
                         0x800'2bd7   0x16  Code  Wk  locale.o [3]
std::allocator_traits<std::allocator<char>>::allocate(std::allocator<char>&, unsigned int)
                         0x800'4213    0x8  Code  Wk  main.o [1]
std::allocator_traits<std::allocator<char>>::deallocate(std::allocator<char>&, char *, unsigned int)
                         0x800'2bc3    0x8  Code  Wk  main.o [1]
std::allocator_traits<std::allocator<std::__tree_node<std::__value_type<_Locale_Profile_t const *, int>, void *>>>::deallocate(std::allocator<std::__tree_node<std::__value_type<_Locale_Profile_t const *, int>, void *>>&, std::__tree_node<std::__value_type<_Locale_Profile_t const *, int>, void *> *, unsigned int)
                         0x800'2e75    0xc  Code  Wk  iar_newlocale.o [3]
std::char_traits<char>::assign(char &, char const &)
                         0x800'4263    0x6  Code  Wk  main.o [1]
std::char_traits<char>::assign(char *, unsigned int, char)
                         0x800'4243   0x20  Code  Wk  main.o [1]
std::char_traits<char>::copy(char *, char const *, unsigned int)
                         0x800'31bf    0xe  Code  Wk  string.o [3]
std::char_traits<char>::eq_int_type(int, int)
                         0x800'4067    0xe  Code  Wk  main.o [1]
std::char_traits<char>::length(char const *)
                         0x800'4f49    0x8  Code  Wk  main.o [1]
std::char_traits<char>::to_int_type(char)
                         0x800'42c5    0x4  Code  Wk  main.o [1]
std::codecvt<char, char, _Mbstatet>::codecvt(unsigned int)
                         0x800'2665   0x18  Code  Wk  locale.o [3]
std::codecvt<char, char, _Mbstatet>::do_always_noconv() const
                         0x800'23dd    0x4  Code  Gb  locale.o [3]
std::codecvt<char, char, _Mbstatet>::do_out(_Mbstatet &, char const *, char const *, char const *&, char *, char *, char *&) const
                         0x800'23c9    0x2  Code  Gb  locale.o [3]
std::codecvt<char, char, _Mbstatet>::do_unshift(_Mbstatet &, char *, char *, char *&) const
                         0x800'23d9    0x4  Code  Gb  locale.o [3]
std::codecvt<char, char, _Mbstatet>::id
                        0x2000'0188    0x8  Data  Gb  locale.o [3]
std::codecvt<char, char, _Mbstatet>::~codecvt() [deleting]
                         0x800'1d39    0x4  Code  Gb  locale.o [3]
std::codecvt<char16_t, char, _Mbstatet>::codecvt(unsigned int)
                         0x800'267d   0x18  Code  Wk  locale.o [3]
std::codecvt<char16_t, char, _Mbstatet>::id
                        0x2000'0198    0x8  Data  Gb  locale.o [3]
std::codecvt<char16_t, char, _Mbstatet>::~codecvt() [deleting]
                         0x800'1d47    0x4  Code  Gb  locale.o [3]
std::codecvt<char32_t, char, _Mbstatet>::codecvt(unsigned int)
                         0x800'2695   0x18  Code  Wk  locale.o [3]
std::codecvt<char32_t, char, _Mbstatet>::id
                        0x2000'01a0    0x8  Data  Gb  locale.o [3]
std::codecvt<char32_t, char, _Mbstatet>::~codecvt() [deleting]
                         0x800'1d4b    0x4  Code  Gb  locale.o [3]
std::codecvt<wchar_t, char, _Mbstatet>::codecvt(unsigned int)
                         0x800'23e1   0x16  Code  Gb  locale.o [3]
std::codecvt<wchar_t, char, _Mbstatet>::id
                        0x2000'0190    0x8  Data  Gb  locale.o [3]
std::codecvt<wchar_t, char, _Mbstatet>::~codecvt()
                         0x800'2401   0x1c  Code  Gb  locale.o [3]
std::codecvt<wchar_t, char, _Mbstatet>::~codecvt() [deleting]
                         0x800'1d3d    0xa  Code  Gb  locale.o [3]
std::collate<char>::collate(unsigned int)
                         0x800'261d   0x18  Code  Wk  locale.o [3]
std::collate<char>::id  0x2000'0568    0x8  Data  Wk  locale.o [3]
std::collate<char>::~collate() [deleting]
                         0x800'52d9   0x14  Code  Wk  locale.o [3]
std::collate<wchar_t>::collate(unsigned int)
                         0x800'2635   0x18  Code  Wk  locale.o [3]
std::collate<wchar_t>::id
                        0x2000'0570    0x8  Data  Wk  locale.o [3]
std::collate<wchar_t>::~collate() [deleting]
                         0x800'52ed   0x14  Code  Wk  locale.o [3]
std::cout               0x2000'0390   0x54  Data  Gb  iostream_cout.o [3]
std::ctype<char> const & std::use_facet<std::ctype<char>>(std::locale const &)
                         0x800'40f9   0x10  Code  Wk  main.o [1]
std::ctype<char>::classic_table() noexcept::builtin_table
                         0x800'3244  0x400  Data  Lc  locale.o [3]
std::ctype<char>::do_widen(char const *, char const *, char *) const
                         0x800'23a5   0x14  Code  Gb  locale.o [3]
std::ctype<char>::do_widen(char) const
                         0x800'23a1    0x4  Code  Gb  locale.o [3]
std::ctype<char>::id    0x2000'0180    0x8  Data  Gb  locale.o [3]
std::ctype<char>::widen(char const *, char const *, char *) const
                         0x800'37dd    0xa  Code  Wk  locale.o [3]
std::ctype<char>::widen(char) const
                         0x800'4109    0xc  Code  Wk  main.o [1]
std::ctype<char>::~ctype()
                         0x800'238b   0x16  Code  Gb  locale.o [3]
std::ctype<char>::~ctype() [deleting]
                         0x800'1d25   0x14  Code  Gb  locale.o [3]
std::ctype<wchar_t>::ctype(unsigned int)
                         0x800'264d   0x18  Code  Wk  locale.o [3]
std::ctype<wchar_t>::id
                        0x2000'0178    0x8  Data  Gb  locale.o [3]
std::ctype<wchar_t>::~ctype() [deleting]
                         0x800'1d11    0x2  Code  Gb  locale.o [3]
std::enable_if<(std::is_move_constructible<std::locale::facet **>::value&&std::is_move_assignable<std::locale::facet **>::value), void>::type std::swap<std::locale::facet **>(std::locale::facet ** &, std::locale::facet ** &)
                         0x800'2c57    0xa  Code  Wk  locale.o [3]
std::ios::fill() const   0x800'3e97   0x22  Code  Wk  main.o [1]
std::ios::rdbuf() const
                         0x800'405f    0x8  Code  Wk  main.o [1]
std::ios::setstate(unsigned int)
                         0x800'3f6f    0x8  Code  Wk  main.o [1]
std::ios::widen(char) const
                         0x800'4075   0x28  Code  Wk  main.o [1]
std::ios_base::__call_callbacks(std::ios_base::event)
                         0x800'3ccb   0x22  Code  Gb  ios.o [3]
std::ios_base::clear(unsigned int)
                         0x800'3d25   0x16  Code  Gb  ios.o [3]
std::ios_base::flags() const
                         0x800'3e93    0x4  Code  Wk  main.o [1]
std::ios_base::getloc() const
                         0x800'3ced    0x6  Code  Gb  ios.o [3]
std::ios_base::init(void *)
                         0x800'3d3b   0x3e  Code  Gb  ios.o [3]
std::ios_base::rdbuf() const
                         0x800'40f3    0x4  Code  Wk  main.o [1]
std::ios_base::setstate(unsigned int)
                         0x800'40e3    0xc  Code  Wk  main.o [1]
std::ios_base::width() const
                         0x800'409d    0x4  Code  Wk  main.o [1]
std::ios_base::width(int)
                         0x800'40db    0x8  Code  Wk  main.o [1]
std::ios_base::~ios_base()
                         0x800'3cf3   0x32  Code  Gb  ios.o [3]
std::ios_base::~ios_base() [subobject]
                         0x800'3cc9    0x2  Code  Gb  ios.o [3]
std::locale::__global()
                         0x800'2261   0x2e  Code  Gb  locale.o [3]
std::locale::__global()::g
                        0x2000'0564    0x4  Data  Lc  locale.o [3]
std::locale::__global()::static guard for g
                        0x2000'055c    0x1  Data  Lc  locale.o [3]
std::locale::__imp::__imp(unsigned int)
                         0x800'1d8f  0x396  Code  Gb  locale.o [3]
std::locale::__imp::has_facet(long) const
                         0x800'29c9   0x1a  Code  Wk  locale.o [3]
std::locale::__imp::install(std::locale::facet *, long)
                         0x800'2195   0x74  Code  Gb  locale.o [3]
std::locale::__imp::make_classic()
                         0x800'2221   0x1a  Code  Gb  locale.o [3]
std::locale::__imp::make_classic()::buf
                        0x2000'02e0    0x4  Data  Lc  locale.o [3]
std::locale::__imp::make_global()::buf
                        0x2000'0560    0x4  Data  Lc  locale.o [3]
std::locale::__imp::use_facet(long) const
                         0x800'2209   0x18  Code  Gb  locale.o [3]
std::locale::__imp::~__imp()
                         0x800'2145   0x4a  Code  Gb  locale.o [3]
std::locale::__imp::~__imp() [deleting]
                         0x800'1cf1   0x14  Code  Gb  locale.o [3]
std::locale::classic()   0x800'223b   0x18  Code  Gb  locale.o [3]
std::locale::classic()::c
                        0x2000'060c    0x4  Data  Lc  locale.o [3]
std::locale::classic()::static guard for c
                        0x2000'0608    0x1  Data  Lc  locale.o [3]
std::locale::facet::__on_zero_shared()
                         0x800'232d    0xa  Code  Gb  locale.o [3]
std::locale::facet::facet(unsigned int) [subobject]
                         0x800'2a01   0x10  Code  Wk  locale.o [3]
std::locale::facet::~facet() [deleting]
                         0x800'1ced    0x4  Code  Gb  locale.o [3]
std::locale::id::__get()
                         0x800'2337   0x3c  Code  Gb  locale.o [3]
std::locale::id::__init()
                         0x800'237d    0xe  Code  Gb  locale.o [3]
std::locale::id::__next_id
                        0x2000'0618    0x4  Data  Gb  locale.o [3]
std::locale::locale()    0x800'22c9    0x8  Code  Gb  locale.o [3]
std::locale::locale(const std::locale&)
                         0x800'22ed    0x2  Code  Gb  locale.o [3]
std::locale::use_facet(std::locale::id &) const
                         0x800'2319   0x14  Code  Gb  locale.o [3]
std::locale::~locale()   0x800'2307    0x2  Code  Gb  locale.o [3]
std::map<_Locale_Profile_t const *, int, std::less<_Locale_Profile_t const *>, std::allocator<std::pair<_Locale_Profile_t const *const , int>>>::~map()
                         0x800'5497    0xe  Code  Wk  iar_newlocale.o [3]
std::messages<char>::id
                        0x2000'05f8    0x8  Data  Wk  locale.o [3]
std::messages<char>::messages(unsigned int)
                         0x800'2865   0x18  Code  Wk  locale.o [3]
std::messages<char>::~messages() [deleting]
                         0x800'5441   0x14  Code  Wk  locale.o [3]
std::messages<wchar_t>::id
                        0x2000'0600    0x8  Data  Wk  locale.o [3]
std::messages<wchar_t>::messages(unsigned int)
                         0x800'287d   0x18  Code  Wk  locale.o [3]
std::messages<wchar_t>::~messages() [deleting]
                         0x800'5455   0x14  Code  Wk  locale.o [3]
std::money_get<char, std::istreambuf_iterator<char, std::char_traits<char>>>::id
                        0x2000'05d8    0x8  Data  Wk  locale.o [3]
std::money_get<char, std::istreambuf_iterator<char, std::char_traits<char>>>::money_get(unsigned int)
                         0x800'276d   0x18  Code  Wk  locale.o [3]
std::money_get<char, std::istreambuf_iterator<char, std::char_traits<char>>>::~money_get() [deleting]
                         0x800'53f1   0x14  Code  Wk  locale.o [3]
std::money_get<wchar_t, std::istreambuf_iterator<wchar_t, std::char_traits<wchar_t>>>::id
                        0x2000'05e0    0x8  Data  Wk  locale.o [3]
std::money_get<wchar_t, std::istreambuf_iterator<wchar_t, std::char_traits<wchar_t>>>::money_get(unsigned int)
                         0x800'2785   0x18  Code  Wk  locale.o [3]
std::money_get<wchar_t, std::istreambuf_iterator<wchar_t, std::char_traits<wchar_t>>>::~money_get() [deleting]
                         0x800'5405   0x14  Code  Wk  locale.o [3]
std::money_put<char, std::ostreambuf_iterator<char, std::char_traits<char>>>::id
                        0x2000'05e8    0x8  Data  Wk  locale.o [3]
std::money_put<char, std::ostreambuf_iterator<char, std::char_traits<char>>>::money_put(unsigned int)
                         0x800'279d   0x18  Code  Wk  locale.o [3]
std::money_put<char, std::ostreambuf_iterator<char, std::char_traits<char>>>::~money_put() [deleting]
                         0x800'5419   0x14  Code  Wk  locale.o [3]
std::money_put<wchar_t, std::ostreambuf_iterator<wchar_t, std::char_traits<wchar_t>>>::id
                        0x2000'05f0    0x8  Data  Wk  locale.o [3]
std::money_put<wchar_t, std::ostreambuf_iterator<wchar_t, std::char_traits<wchar_t>>>::money_put(unsigned int)
                         0x800'27b5   0x18  Code  Wk  locale.o [3]
std::money_put<wchar_t, std::ostreambuf_iterator<wchar_t, std::char_traits<wchar_t>>>::~money_put() [deleting]
                         0x800'542d   0x14  Code  Wk  locale.o [3]
std::moneypunct<char, (bool)0>::id
                        0x2000'05b8    0x8  Data  Wk  locale.o [3]
std::moneypunct<char, (bool)0>::moneypunct(unsigned int)
                         0x800'270d   0x18  Code  Wk  locale.o [3]
std::moneypunct<char, (bool)0>::~moneypunct() [deleting]
                         0x800'53a1   0x14  Code  Wk  locale.o [3]
std::moneypunct<char, (bool)1>::id
                        0x2000'05c0    0x8  Data  Wk  locale.o [3]
std::moneypunct<char, (bool)1>::moneypunct(unsigned int)
                         0x800'2725   0x18  Code  Wk  locale.o [3]
std::moneypunct<char, (bool)1>::~moneypunct() [deleting]
                         0x800'53b5   0x14  Code  Wk  locale.o [3]
std::moneypunct<wchar_t, (bool)0>::id
                        0x2000'05c8    0x8  Data  Wk  locale.o [3]
std::moneypunct<wchar_t, (bool)0>::moneypunct(unsigned int)
                         0x800'273d   0x18  Code  Wk  locale.o [3]
std::moneypunct<wchar_t, (bool)0>::~moneypunct() [deleting]
                         0x800'53c9   0x14  Code  Wk  locale.o [3]
std::moneypunct<wchar_t, (bool)1>::id
                        0x2000'05d0    0x8  Data  Wk  locale.o [3]
std::moneypunct<wchar_t, (bool)1>::moneypunct(unsigned int)
                         0x800'2755   0x18  Code  Wk  locale.o [3]
std::moneypunct<wchar_t, (bool)1>::~moneypunct() [deleting]
                         0x800'53dd   0x14  Code  Wk  locale.o [3]
std::num_get<char, std::istreambuf_iterator<char, std::char_traits<char>>>::id
                        0x2000'0578    0x8  Data  Wk  locale.o [3]
std::num_get<char, std::istreambuf_iterator<char, std::char_traits<char>>>::num_get(unsigned int)
                         0x800'26ad   0x18  Code  Wk  locale.o [3]
std::num_get<char, std::istreambuf_iterator<char, std::char_traits<char>>>::~num_get() [deleting]
                         0x800'5301   0x14  Code  Wk  locale.o [3]
std::num_get<wchar_t, std::istreambuf_iterator<wchar_t, std::char_traits<wchar_t>>>::id
                        0x2000'0580    0x8  Data  Wk  locale.o [3]
std::num_get<wchar_t, std::istreambuf_iterator<wchar_t, std::char_traits<wchar_t>>>::num_get(unsigned int)
                         0x800'26c5   0x18  Code  Wk  locale.o [3]
std::num_get<wchar_t, std::istreambuf_iterator<wchar_t, std::char_traits<wchar_t>>>::~num_get() [deleting]
                         0x800'5315   0x14  Code  Wk  locale.o [3]
std::num_put<char, std::ostreambuf_iterator<char, std::char_traits<char>>>::do_put(std::ostreambuf_iterator<char, std::char_traits<char>>, std::ios_base &, char, long) const
                         0x800'469d   0x90  Code  Wk  locale.o [3]
std::num_put<char, std::ostreambuf_iterator<char, std::char_traits<char>>>::do_put(std::ostreambuf_iterator<char, std::char_traits<char>>, std::ios_base &, char, long) const::string
                         0x800'10e2    0x2  Data  Wk  locale.o [3]
std::num_put<char, std::ostreambuf_iterator<char, std::char_traits<char>>>::id
                        0x2000'0588    0x8  Data  Wk  locale.o [3]
std::num_put<char, std::ostreambuf_iterator<char, std::char_traits<char>>>::num_put(unsigned int)
                         0x800'26dd   0x18  Code  Wk  locale.o [3]
std::num_put<char, std::ostreambuf_iterator<char, std::char_traits<char>>>::put(std::ostreambuf_iterator<char, std::char_traits<char>>, std::ios_base &, char, long) const
                         0x800'457d   0x10  Code  Wk  locale.o [3]
std::num_put<char, std::ostreambuf_iterator<char, std::char_traits<char>>>::~num_put() [deleting]
                         0x800'5329   0x14  Code  Wk  locale.o [3]
std::num_put<wchar_t, std::ostreambuf_iterator<wchar_t, std::char_traits<wchar_t>>>::id
                        0x2000'0590    0x8  Data  Wk  locale.o [3]
std::num_put<wchar_t, std::ostreambuf_iterator<wchar_t, std::char_traits<wchar_t>>>::num_put(unsigned int)
                         0x800'26f5   0x18  Code  Wk  locale.o [3]
std::num_put<wchar_t, std::ostreambuf_iterator<wchar_t, std::char_traits<wchar_t>>>::~num_put() [deleting]
                         0x800'533d   0x14  Code  Wk  locale.o [3]
std::numpunct<char>::do_grouping() const
                         0x800'2497    0x6  Code  Gb  locale.o [3]
std::numpunct<char>::do_thousands_sep() const
                         0x800'2493    0x4  Code  Gb  locale.o [3]
std::numpunct<char>::id
                        0x2000'01a8    0x8  Data  Gb  locale.o [3]
std::numpunct<char>::numpunct(unsigned int)
                         0x800'2429   0x1c  Code  Gb  locale.o [3]
std::numpunct<char>::~numpunct()
                         0x800'2467   0x10  Code  Gb  locale.o [3]
std::numpunct<char>::~numpunct() [deleting]
                         0x800'1d4f    0x4  Code  Gb  locale.o [3]
std::numpunct<wchar_t>::id
                        0x2000'01b0    0x8  Data  Gb  locale.o [3]
std::numpunct<wchar_t>::numpunct(unsigned int)
                         0x800'2445   0x1a  Code  Gb  locale.o [3]
std::numpunct<wchar_t>::~numpunct()
                         0x800'2477    0xe  Code  Gb  locale.o [3]
std::numpunct<wchar_t>::~numpunct() [deleting]
                         0x800'1d53    0x4  Code  Gb  locale.o [3]
std::ostream & std::__put_character_sequence<char, std::char_traits<char>>(std::ostream &, char const *, unsigned int)
                         0x800'3d7d   0xb2  Code  Wk  main.o [1]
std::ostream & std::operator <<<std::char_traits<char>>(std::ostream &, char const *)
                         0x800'4f31   0x18  Code  Wk  main.o [1]
std::ostream::flush()    0x800'400b   0x54  Code  Wk  ios.instantiations.o [3]
std::ostream::operator <<(short)
                         0x800'44e5   0x98  Code  Wk  ios.instantiations.o [3]
std::ostream::sentry::operator bool() const
                         0x800'3e71    0x4  Code  Wk  main.o [1]
std::ostream::sentry::sentry(std::ostream&)
                         0x800'3e2f   0x42  Code  Wk  ios.instantiations.o [3]
std::ostream::sentry::~sentry()
                         0x800'3f77   0x94  Code  Wk  ios.instantiations.o [3]
std::ostream::~basic_ostream()
                         0x800'5489    0xe  Code  Wk  ios.instantiations.o [3]
std::ostreambuf_iterator<char, std::char_traits<char>> std::__pad_and_output<char, std::char_traits<char>>(std::ostreambuf_iterator<char, std::char_traits<char>>, char const *, char const *, char const *, std::ios_base &, char)
                         0x800'3eb9   0xa6  Code  Wk  main.o [1]
std::ostreambuf_iterator<char, std::char_traits<char>>::failed() const
                         0x800'3f5f   0x10  Code  Wk  main.o [1]
std::ostreambuf_iterator<char, std::char_traits<char>>::ostreambuf_iterator(std::ostream&)
                         0x800'3e75   0x1e  Code  Wk  main.o [1]
std::pointer_traits<char *>::pointer_to(char &)
                         0x800'3811    0x8  Code  Wk  main.o [1]
std::streambuf::basic_streambuf()
                         0x800'4679   0x24  Code  Wk  ios.instantiations.o [3]
std::streambuf::basic_streambuf() [subobject]
                         0x800'4673    0x4  Code  Wk  ios.instantiations.o [3]
std::streambuf::overflow(int)
                         0x800'100f    0x6  Code  Wk  ios.instantiations.o [3]
std::streambuf::sputn(char const *, int)
                         0x800'40a1    0xa  Code  Wk  main.o [1]
std::streambuf::sync()   0x800'54d5    0x4  Code  Wk  ios.instantiations.o [3]
std::streambuf::xsputn(char const *, int)
                         0x800'4863   0x60  Code  Wk  ios.instantiations.o [3]
std::streambuf::~basic_streambuf() [subobject]
                         0x800'5299   0x18  Code  Wk  ios.instantiations.o [3]
std::string::__alloc()   0x800'2ba3    0x8  Code  Wk  main.o [1]
std::string::__alloc() const
                         0x800'4279    0x8  Code  Wk  main.o [1]
std::string::__get_long_cap() const
                         0x800'2bb5    0xe  Code  Wk  main.o [1]
std::string::__get_long_pointer()
                         0x800'2bab    0xa  Code  Wk  main.o [1]
std::string::__get_pointer()
                         0x800'37e7   0x1e  Code  Wk  main.o [1]
std::string::__get_short_pointer()
                         0x800'3805    0xc  Code  Wk  main.o [1]
std::string::__init(unsigned int, char)
                         0x800'413b   0x88  Code  Wk  main.o [1]
std::string::__init_copy_ctor_external(char const *, unsigned int)
                         0x800'2e81   0x3e  Code  Wk  string.o [3]
std::string::__is_long() const
                         0x800'2b95    0xe  Code  Wk  main.o [1]
std::string::__recommend(unsigned int)
                         0x800'41f9   0x1a  Code  Wk  main.o [1]
std::string::__set_long_cap(unsigned int)
                         0x800'4227   0x10  Code  Wk  main.o [1]
std::string::__set_long_pointer(char *)
                         0x800'421b    0xc  Code  Wk  main.o [1]
std::string::__set_long_size(unsigned int)
                         0x800'4237    0xc  Code  Wk  main.o [1]
std::string::__set_short_size(unsigned int)
                         0x800'41ed    0xc  Code  Wk  main.o [1]
std::string::__throw_length_error() const
                         0x800'41e5    0x8  Code  Wk  main.o [1]
std::string::__zero()    0x800'2add    0xa  Code  Wk  locale.o [3]
std::string::basic_string(const std::string&)
                         0x800'2ae7   0x32  Code  Wk  locale.o [3]
std::string::basic_string(unsigned int, char)
                         0x800'40ab   0x24  Code  Wk  main.o [1]
std::string::basic_string<std::nullptr_t>(char const *)
                         0x800'25a3   0x58  Code  Wk  locale.o [3]
std::string::data()      0x800'40cf    0xc  Code  Wk  main.o [1]
std::string::max_size() const
                         0x800'41d7    0xe  Code  Wk  main.o [1]
std::string::size() const
                         0x800'37b9    0xc  Code  Wk  locale.o [3]
std::string::~basic_string()
                         0x800'2895   0x32  Code  Wk  main.o [1]
std::time_get<char, std::istreambuf_iterator<char, std::char_traits<char>>>::id
                        0x2000'0598    0x8  Data  Wk  locale.o [3]
std::time_get<char, std::istreambuf_iterator<char, std::char_traits<char>>>::time_get(unsigned int)
                         0x800'27cd   0x28  Code  Wk  locale.o [3]
std::time_get<char, std::istreambuf_iterator<char, std::char_traits<char>>>::~time_get() [deleting]
                         0x800'5351   0x14  Code  Wk  locale.o [3]
std::time_get<wchar_t, std::istreambuf_iterator<wchar_t, std::char_traits<wchar_t>>>::id
                        0x2000'05a0    0x8  Data  Wk  locale.o [3]
std::time_get<wchar_t, std::istreambuf_iterator<wchar_t, std::char_traits<wchar_t>>>::time_get(unsigned int)
                         0x800'27f5   0x28  Code  Wk  locale.o [3]
std::time_get<wchar_t, std::istreambuf_iterator<wchar_t, std::char_traits<wchar_t>>>::~time_get() [deleting]
                         0x800'5365   0x14  Code  Wk  locale.o [3]
std::time_put<char, std::ostreambuf_iterator<char, std::char_traits<char>>>::id
                        0x2000'05a8    0x8  Data  Wk  locale.o [3]
std::time_put<char, std::ostreambuf_iterator<char, std::char_traits<char>>>::time_put(unsigned int)
                         0x800'281d   0x24  Code  Wk  locale.o [3]
std::time_put<char, std::ostreambuf_iterator<char, std::char_traits<char>>>::~time_put()
                         0x800'5149   0x1e  Code  Wk  locale.o [3]
std::time_put<char, std::ostreambuf_iterator<char, std::char_traits<char>>>::~time_put() [deleting]
                         0x800'5379   0x14  Code  Wk  locale.o [3]
std::time_put<wchar_t, std::ostreambuf_iterator<wchar_t, std::char_traits<wchar_t>>>::id
                        0x2000'05b0    0x8  Data  Wk  locale.o [3]
std::time_put<wchar_t, std::ostreambuf_iterator<wchar_t, std::char_traits<wchar_t>>>::time_put(unsigned int)
                         0x800'2841   0x24  Code  Wk  locale.o [3]
std::time_put<wchar_t, std::ostreambuf_iterator<wchar_t, std::char_traits<wchar_t>>>::~time_put()
                         0x800'5167   0x1e  Code  Wk  locale.o [3]
std::time_put<wchar_t, std::ostreambuf_iterator<wchar_t, std::char_traits<wchar_t>>>::~time_put() [deleting]
                         0x800'538d   0x14  Code  Wk  locale.o [3]
std::unique_ptr<std::locale::facet, std::<unnamed>::release>::~unique_ptr()
                         0x800'1d7b   0x14  Code  Lc  locale.o [3]
std::vector<std::locale::facet *, std::__sso_allocator<std::locale::facet *, (unsigned int)30>>::__annotate_delete() const
                         0x800'28c7    0x4  Code  Wk  locale.o [3]
std::vector<std::locale::facet *, std::__sso_allocator<std::locale::facet *, (unsigned int)30>>::__append(unsigned int)
                         0x800'2901   0xac  Code  Wk  locale.o [3]
std::vector<std::locale::facet *, std::__sso_allocator<std::locale::facet *, (unsigned int)30>>::__construct_at_end(unsigned int)
                         0x800'2b4d   0x20  Code  Wk  locale.o [3]
std::vector<std::locale::facet *, std::__sso_allocator<std::locale::facet *, (unsigned int)30>>::__destruct_at_end(std::locale::facet **)
                         0x800'29ad   0x1c  Code  Wk  locale.o [3]
std::vector<std::locale::facet *, std::__sso_allocator<std::locale::facet *, (unsigned int)30>>::__recommend(unsigned int) const
                         0x800'2bed   0x3e  Code  Wk  locale.o [3]
std::vector<std::locale::facet *, std::__sso_allocator<std::locale::facet *, (unsigned int)30>>::__vallocate(unsigned int)
                         0x800'2b23   0x2a  Code  Wk  locale.o [3]
std::vector<std::locale::facet *, std::__sso_allocator<std::locale::facet *, (unsigned int)30>>::clear()
                         0x800'25fb   0x22  Code  Wk  locale.o [3]
std::vector<std::locale::facet *, std::__sso_allocator<std::locale::facet *, (unsigned int)30>>::max_size() const
                         0x800'2ec3    0x6  Code  Wk  locale.o [3]
std::vector<std::locale::facet *, std::__sso_allocator<std::locale::facet *, (unsigned int)30>>::size() const
                         0x800'28f5    0xc  Code  Wk  locale.o [3]
std::vector<std::locale::facet *, std::__sso_allocator<std::locale::facet *, (unsigned int)30>>::vector(unsigned int)
                         0x800'257d   0x26  Code  Wk  locale.o [3]
strchr                   0x800'0f69         Code  Gb  strchr.o [6]
strlen                   0x800'0fd9         Code  Gb  strlen.o [6]
unsigned int const & std::max<unsigned int>(unsigned int const &, unsigned int const &)
                         0x800'3173    0xc  Code  Wk  locale.o [3]
unsigned int std::allocator_traits<std::allocator<char>>::max_size<std::allocator<char>, void>(const std::allocator<char>&)
                         0x800'4281    0x8  Code  Wk  main.o [1]
unsigned int std::string::__align_it<(unsigned int)16>(unsigned int)
                         0x800'4289    0x8  Code  Wk  main.o [1]
void * std::__libcpp_operator_new<unsigned int, std::align_val_t>(unsigned int, std::align_val_t...)
                         0x800'4345    0x8  Code  Wk  main.o [1]
void * std::__libcpp_operator_new<unsigned int>(unsigned int...)
                         0x800'434d    0x8  Code  Wk  main.o [1]
void std::__call_once_proxy<std::tuple<std::<unnamed>::__fake_bind &&>>(void *)
                         0x800'524d   0x1c  Code  Wk  locale.o [3]
void std::__do_deallocate_handle_size<>(void *, unsigned int, ...)
                         0x800'3227    0x8  Code  Wk  main.o [1]
void std::__do_deallocate_handle_size<std::align_val_t>(void *, unsigned int, std::align_val_t...)
                         0x800'321f    0x8  Code  Wk  main.o [1]
void std::__libcpp_operator_delete<void *, unsigned int, std::align_val_t>(void *, unsigned int, std::align_val_t...)
                         0x800'322f    0x8  Code  Wk  main.o [1]
void std::__libcpp_operator_delete<void *, unsigned int>(void *, unsigned int...)
                         0x800'3237    0x8  Code  Wk  main.o [1]
void std::__tree_left_rotate<std::__tree_node_base<void *> *>(std::__tree_node_base<void *> *)
                         0x800'317f   0x20  Code  Wk  iar_newlocale.o [3]
void std::__tree_remove<std::__tree_node_base<void *> *>(std::__tree_node_base<void *> *, std::__tree_node_base<void *> *)
                         0x800'2cd5  0x1a0  Code  Wk  iar_newlocale.o [3]
void std::__tree_right_rotate<std::__tree_node_base<void *> *>(std::__tree_node_base<void *> *)
                         0x800'319f   0x20  Code  Wk  iar_newlocale.o [3]
void std::reverse<char *>(char *, char *)
                         0x800'37c5   0x18  Code  Wk  locale.o [3]
vsnprintf                0x800'2c99   0x3c  Code  Gb  vsnprint.o [2]


[1] = D:\POIP\POIP\TheFirstProject\Debug\Obj
[2] = dl7M_tlf.a
[3] = dllibcpp7M_tls_fc.a
[4] = dlpprt7M_tl_fc.a
[5] = m7M_tls.a
[6] = rt7M_tl.a
[7] = shb_l.a

  18'862 bytes of readonly  code memory
   2'971 bytes of readonly  data memory
  18'416 bytes of readwrite data memory

Errors: none
Warnings: none
