###############################################################################
#
# IAR ELF Linker V9.30.1.335/W64 for ARM                  10/Mar/2023  00:09:18
# Copyright 2007-2022 IAR Systems AB.
#
#    Output file  =  D:\POIP\POIP\NewWorkspace\Debug\Exe\NewWorkspace.out
#    Map file     =  D:\POIP\POIP\NewWorkspace\Debug\List\NewWorkspace.map
#    Command line =
#        -f D:\POIP\POIP\NewWorkspace\Debug\Exe\NewWorkspace.out.rsp
#        (D:\POIP\POIP\NewWorkspace\Debug\Obj\Modes\AllMode\AllMode.o
#        D:\POIP\POIP\NewWorkspace\Debug\Obj\Components\Button\Button.o
#        D:\POIP\POIP\NewWorkspace\Debug\Obj\Modes\ChessMode\ChessMode.o
#        D:\POIP\POIP\NewWorkspace\Debug\Obj\Components\LED\Led.o
#        D:\POIP\POIP\NewWorkspace\Debug\Obj\main.o
#        D:\POIP\POIP\NewWorkspace\Debug\Obj\Modes\SlideMode\SlideMode.o
#        D:\POIP\POIP\NewWorkspace\Debug\Obj\Modes\TreeMode\TreeMode.o
#        --no_out_extension -o
#        D:\POIP\POIP\NewWorkspace\Debug\Exe\NewWorkspace.out --redirect
#        _Printf=_PrintfFullNoMb --redirect _Scanf=_ScanfFullNoMb --map
#        D:\POIP\POIP\NewWorkspace\Debug\List\NewWorkspace.map --config
#        "C:\Program Files\IAR Systems\Embedded Workbench
#        9.1\arm/config/linker/ST/stm32f411xC.icf" --semihosting --entry
#        __iar_program_start --vfe --text_out locale --cpu=Cortex-M4
#        --fpu=VFPv4_sp)
#
###############################################################################

*******************************************************************************
*** RUNTIME MODEL ATTRIBUTES
***

CppFlavor                     = *
__CPP_Exceptions              = Disabled
__CPP_Language                = C++14
__CPP_Library                 = libc++
__CPP_Runtime                 = 1
__Heap_Handler                = Basic
__SystemLibrary               = DLib
__dlib_dynamic_initialization = normal
__dlib_version                = 6


*******************************************************************************
*** HEAP SELECTION
***

The basic heap was selected because --advanced_heap
was not specified and the application did not appear to
be primarily optimized for speed.


*******************************************************************************
*** PLACEMENT SUMMARY
***

"A0":  place at address 0x800'0000 { ro section .intvec };
"P1":  place in [from 0x800'0000 to 0x803'ffff] { ro };
define block CSTACK with size = 8K, alignment = 8 { };
define block HEAP with size = 8K, alignment = 8 { };
"P2":  place in [from 0x2000'0000 to 0x2001'ffff] {
          rw, block CSTACK, block HEAP };
initialize by copy { rw };

  Section                Kind         Address    Size  Object
  -------                ----         -------    ----  ------
"A0":                                            0x40
  .intvec                ro code   0x800'0000    0x40  vector_table_M.o [11]
                                 - 0x800'0040    0x40

"P1":                                           0x988
  .text                  ro code   0x800'0040   0x10c  main.o [1]
  .text                  ro code   0x800'014c    0x3c  Led.o [3]
  .text                  ro code   0x800'0188    0x90  Button.o [2]
  .text                  ro code   0x800'0218    0x18  AllMode.o [4]
  .text                  ro code   0x800'0230    0x46  ChessMode.o [5]
  .text                  ro code   0x800'0276    0x2a  copy_init3.o [11]
  .text                  ro code   0x800'02a0    0x50  TreeMode.o [7]
  .text                  ro code   0x800'02f0    0xa0  SlideMode.o [6]
  .text                  ro code   0x800'0390    0x20  main.o [1]
  .text                  ro code   0x800'03b0     0xc  main.o [1]
  .text                  ro code   0x800'03bc     0xc  main.o [1]
  .text                  ro code   0x800'03c8    0x12  main.o [1]
  .text                  ro code   0x800'03da     0x2  vectortrap_M.o [11]
  .text                  ro code   0x800'03dc    0x10  main.o [1]
  .text                  ro code   0x800'03ec    0x10  main.o [1]
  .text                  ro code   0x800'03fc    0x14  main.o [1]
  .text                  ro code   0x800'0410     0xc  main.o [1]
  .text                  ro code   0x800'041c    0x14  main.o [1]
  .text                  ro code   0x800'0430    0x14  main.o [1]
  .text                  ro code   0x800'0444    0x14  main.o [1]
  .text                  ro code   0x800'0458    0x14  main.o [1]
  .text                  ro code   0x800'046c    0x14  main.o [1]
  .text                  ro code   0x800'0480    0x14  main.o [1]
  .text                  ro code   0x800'0494    0x14  main.o [1]
  .text                  ro code   0x800'04a8     0x8  Led.o [3]
  .text                  ro code   0x800'04b0     0x8  Button.o [2]
  .text                  ro code   0x800'04b8     0x8  Button.o [2]
  .text                  ro code   0x800'04c0     0x6  Button.o [2]
  .text                  ro code   0x800'04c6     0x6  Button.o [2]
  .text                  ro code   0x800'04cc     0x8  AllMode.o [4]
  .text                  ro code   0x800'04d4     0x6  ChessMode.o [5]
  .text                  ro code   0x800'04da     0x8  ChessMode.o [5]
  .text                  ro code   0x800'04e2    0x2a  AllMode.o [4]
  .text                  ro code   0x800'050c     0x8  main.o [1]
  .text                  ro code   0x800'0514     0x6  main.o [1]
  .text                  ro code   0x800'051a     0x2  Led.o [3]
  .text                  ro code   0x800'051c     0x2  Button.o [2]
  .text                  ro code   0x800'051e     0x2  Button.o [2]
  .text                  ro code   0x800'0520     0xc  AllMode.o [4]
  .text                  ro code   0x800'052c     0x4  ChessMode.o [5]
  .text                  ro code   0x800'0530     0x8  AllMode.o [4]
  .text                  ro code   0x800'0538     0xa  AllMode.o [4]
  .text                  ro code   0x800'0542     0x2  main.o [1]
  .text                  ro code   0x800'0544     0x2  AllMode.o [4]
  .text                  ro code   0x800'0546    0x38  zero_init3.o [11]
  .text                  ro code   0x800'057e    0x30  main.o [1]
  .text                  ro code   0x800'05ae     0x4  main.o [1]
  .text                  ro code   0x800'05b2    0x2a  AllMode.o [4]
  .text                  ro code   0x800'05dc    0x28  data_init.o [11]
  .text                  ro code   0x800'0604    0x22  fpinit_M.o [10]
  .iar.init_table        const     0x800'0628    0x28  - Linker created -
  .rodata                const     0x800'0650     0x1  unwind_debug.o [12]
  .rodata                const     0x800'0654    0x20  main.o [1]
  .rodata                const     0x800'0674    0x20  main.o [1]
  .rodata                const     0x800'0694    0x20  main.o [1]
  .rodata                const     0x800'06b4    0x20  main.o [1]
  .rodata                const     0x800'06d4    0x20  main.o [1]
  .text                  ro code   0x800'06f4    0x20  cmain_call_ctors.o [11]
  .text                  ro code   0x800'0714    0x18  cppinit.o [8]
  Initializer bytes      const     0x800'072c    0x20  <for P2-1>
  .text                  ro code   0x800'074c    0x1e  cmain.o [11]
  .text                  ro code   0x800'076a     0x4  low_level_init.o [8]
  .text                  ro code   0x800'076e     0x4  exit.o [8]
  .text                  ro code   0x800'0774     0xa  cexit.o [11]
  .text                  ro code   0x800'0780    0x14  exit.o [12]
  .rodata                const     0x800'0794    0x1c  Button.o [2]
  .text                  ro code   0x800'07b0    0x1c  cstartup_M.o [11]
  .rodata                const     0x800'07cc    0x10  AllMode.o [4]
  .rodata                const     0x800'07dc    0x10  AllMode.o [4]
  .rodata                const     0x800'07ec    0x10  ChessMode.o [5]
  .rodata                const     0x800'07fc    0x10  Led.o [3]
  .rodata                const     0x800'080c    0x10  SlideMode.o [6]
  .rodata                const     0x800'081c    0x10  TreeMode.o [7]
  .text                  ro code   0x800'082c    0x10  main.o [1]
  .text                  ro code   0x800'083c    0x10  main.o [1]
  .text                  ro code   0x800'084c    0x10  main.o [1]
  .text                  ro code   0x800'085c     0xc  main.o [1]
  .text                  ro code   0x800'0868     0xc  main.o [1]
  .text                  ro code   0x800'0874    0x10  main.o [1]
  .text                  ro code   0x800'0884     0xc  main.o [1]
  .text                  ro code   0x800'0890     0xc  main.o [1]
  .text                  ro code   0x800'089c    0x10  main.o [1]
  .text                  ro code   0x800'08ac    0x10  main.o [1]
  .text                  ro code   0x800'08bc    0x10  main.o [1]
  .text                  ro code   0x800'08cc     0xe  main.o [1]
  .text                  ro code   0x800'08dc     0xc  main.o [1]
  .text                  ro code   0x800'08e8     0xe  main.o [1]
  .text                  ro code   0x800'08f8     0xc  main.o [1]
  .text                  ro code   0x800'0904     0xe  main.o [1]
  .text                  ro code   0x800'0912     0xe  main.o [1]
  .text                  ro code   0x800'0920     0xe  main.o [1]
  .rodata                const     0x800'0930     0xc  main.o [1]
  .text                  ro code   0x800'093c     0xc  main.o [1]
  .text                  ro code   0x800'0948     0xc  main.o [1]
  .text                  ro code   0x800'0954     0xc  main.o [1]
  .text                  ro code   0x800'0960     0xa  main.o [1]
  .text                  ro code   0x800'096a     0xa  main.o [1]
  .rodata                const     0x800'0974     0x8  main.o [1]
  .rodata                const     0x800'097c     0x8  main.o [1]
  .rodata                const     0x800'0984     0x8  main.o [1]
  .rodata                const     0x800'098c     0x8  main.o [1]
  .rodata                const     0x800'0994     0x8  main.o [1]
  .text                  ro code   0x800'099c     0x8  main.o [1]
  .text                  ro code   0x800'09a4     0x6  main.o [1]
  .text                  ro code   0x800'09aa     0x6  main.o [1]
  .text                  ro code   0x800'09b0     0x6  main.o [1]
  .text                  ro code   0x800'09b6     0x6  main.o [1]
  .text                  ro code   0x800'09bc     0x6  main.o [1]
  SHT$$PREINIT_ARRAY               0x800'09c4     0x0  <Block>
  SHT$$INIT_ARRAY                  0x800'09c4     0x4  <Block>
    .init_array          const     0x800'09c4     0x4  main.o [1]
  __iar_tls$$INIT_ARRAY            0x800'09c8     0x0  <Block>
  .rodata                const     0x800'09c8     0x0  zero_init3.o [11]
  .rodata                const     0x800'09c8     0x0  copy_init3.o [11]
                                 - 0x800'09c8   0x988

"P2", part 1 of 3:                               0x20
  P2-1                            0x2000'0000    0x20  <Init block>
    .data                inited   0x2000'0000    0x10  main.o [1]
    .data                inited   0x2000'0010    0x10  main.o [1]
                                - 0x2000'0020    0x20

"P2", part 2 of 3:                               0x78
  .bss                   zero     0x2000'0020    0x20  main.o [1]
  .bss                   zero     0x2000'0040    0x10  main.o [1]
  .bss                   zero     0x2000'0050     0xc  main.o [1]
  .bss                   zero     0x2000'005c     0xc  main.o [1]
  .bss                   zero     0x2000'0068     0x8  main.o [1]
  .bss                   zero     0x2000'0070     0x8  main.o [1]
  .bss                   zero     0x2000'0078     0x8  main.o [1]
  .bss                   zero     0x2000'0080     0x8  main.o [1]
  .bss                   zero     0x2000'0088     0x8  main.o [1]
  .bss                   zero     0x2000'0090     0x8  main.o [1]
                                - 0x2000'0098    0x78

"P2", part 3 of 3:                             0x2000
  CSTACK                          0x2000'0098  0x2000  <Block>
    CSTACK               uninit   0x2000'0098  0x2000  <Block tail>
                                - 0x2000'2098  0x2000

Unused ranges:

         From           To      Size
         ----           --      ----
   0x800'09c8   0x803'ffff  0x3'f638
  0x2000'2098  0x2001'ffff  0x1'df68


*******************************************************************************
*** INIT TABLE
***

          Address      Size
          -------      ----
Zero (__iar_zero_init3)
    1 destination range, total size 0x78:
          0x2000'0020  0x78

Copy (__iar_copy_init3)
    1 source range, total size 0x20:
           0x800'072c  0x20
    1 destination range, total size 0x20:
          0x2000'0000  0x20

Extra (__iar_cstart_call_ctors)



*******************************************************************************
*** MODULE SUMMARY
***

    Module              ro code  ro data  rw data
    ------              -------  -------  -------
command line/config:
    ---------------------------------------------
    Total:

D:\POIP\POIP\NewWorkspace\Debug\Obj: [1]
    main.o                  962      248      152
    ---------------------------------------------
    Total:                  962      248      152

D:\POIP\POIP\NewWorkspace\Debug\Obj\Components\Button: [2]
    Button.o                176       28
    ---------------------------------------------
    Total:                  176       28

D:\POIP\POIP\NewWorkspace\Debug\Obj\Components\LED: [3]
    Led.o                    70       16
    ---------------------------------------------
    Total:                   70       16

D:\POIP\POIP\NewWorkspace\Debug\Obj\Modes\AllMode: [4]
    AllMode.o               148       32
    ---------------------------------------------
    Total:                  148       32

D:\POIP\POIP\NewWorkspace\Debug\Obj\Modes\ChessMode: [5]
    ChessMode.o              88       16
    ---------------------------------------------
    Total:                   88       16

D:\POIP\POIP\NewWorkspace\Debug\Obj\Modes\SlideMode: [6]
    SlideMode.o             160       16
    ---------------------------------------------
    Total:                  160       16

D:\POIP\POIP\NewWorkspace\Debug\Obj\Modes\TreeMode: [7]
    TreeMode.o               80       16
    ---------------------------------------------
    Total:                   80       16

dl7M_tlf.a: [8]
    cppinit.o                24
    exit.o                    4
    low_level_init.o          4
    ---------------------------------------------
    Total:                   32

dlpprt7M_tl_fc.a: [9]
    ---------------------------------------------
    Total:

m7M_tls.a: [10]
    fpinit_M.o               34
    ---------------------------------------------
    Total:                   34

rt7M_tl.a: [11]
    cexit.o                  10
    cmain.o                  30
    cmain_call_ctors.o       32
    copy_init3.o             42
    cstartup_M.o             28
    data_init.o              40
    vector_table_M.o         64
    vectortrap_M.o            2
    zero_init3.o             56
    ---------------------------------------------
    Total:                  304

shb_l.a: [12]
    exit.o                   20
    unwind_debug.o                     1
    ---------------------------------------------
    Total:                   20        1

    Gaps                      8        7
    Linker created                    40    8'192
-------------------------------------------------
    Grand Total:          2'082      420    8'344


*******************************************************************************
*** ENTRY LIST
***

Entry                       Address  Size  Type      Object
-----                       -------  ----  ----      ------
.iar.init_table$$Base    0x800'0628         --   Gb  - Linker created -
.iar.init_table$$Limit   0x800'0650         --   Gb  - Linker created -
?main                    0x800'074d        Code  Gb  cmain.o [11]
AllMode::AllMode(std::array<ILed *, (unsigned int)4> const &)
                         0x800'0219  0x12  Code  Gb  AllMode.o [4]
BusFault_Handler         0x800'03db        Code  Wk  vectortrap_M.o [11]
Button::AddObserver(IButtonObserver &)
                         0x800'0203  0x16  Code  Gb  Button.o [2]
Button::Button(IPinReadable const &)
                         0x800'0189  0x2a  Code  Gb  Button.o [2]
Button::IsPressed() const
                         0x800'01b9  0x4a  Code  Gb  Button.o [2]
CSTACK$$Base            0x2000'0098         --   Gb  - Linker created -
CSTACK$$Limit           0x2000'2098         --   Gb  - Linker created -
ChessMode::ChessMode(std::array<ILed *, (unsigned int)4> const &)
                         0x800'0231  0x18  Code  Gb  ChessMode.o [5]
ChessMode::Clear()       0x800'024d  0x2a  Code  Gb  ChessMode.o [5]
DebugMon_Handler         0x800'03db        Code  Wk  vectortrap_M.o [11]
Delay(unsigned int)      0x800'0097  0x28  Code  Gb  main.o [1]
Garland::Garland(std::array<IMode *, (unsigned int)4> const &)
                         0x800'0391  0x20  Code  Wk  main.o [1]
Garland::OnButtonPress()
                         0x800'099d   0x8  Code  Wk  main.o [1]
Garland::SwitchNextMode()
                         0x800'057f  0x30  Code  Wk  main.o [1]
Garland::UpdateCurrentMode() const
                         0x800'0495  0x14  Code  Wk  main.o [1]
HardFault_Handler        0x800'03db        Code  Wk  vectortrap_M.o [11]
IButton::IButton()       0x800'051d   0x2  Code  Wk  Button.o [2]
IButton::IButton() [subobject]
                         0x800'04b1   0x8  Code  Wk  Button.o [2]
IButtonObserver::IButtonObserver()
                         0x800'0543   0x2  Code  Wk  main.o [1]
IButtonObserver::IButtonObserver() [subobject]
                         0x800'050d   0x8  Code  Wk  main.o [1]
ILed::ILed()             0x800'051b   0x2  Code  Wk  Led.o [3]
ILed::ILed() [subobject]
                         0x800'04a9   0x8  Code  Wk  Led.o [3]
IMode::Clear()           0x800'04e3  0x2a  Code  Wk  AllMode.o [4]
IMode::IMode(std::array<ILed *, (unsigned int)4> const &)
                         0x800'0521   0xc  Code  Wk  AllMode.o [4]
IMode::IMode(std::array<ILed *, (unsigned int)4> const &) [subobject]
                         0x800'04cd   0x8  Code  Wk  AllMode.o [4]
IMode::Update()          0x800'05b3  0x2a  Code  Wk  AllMode.o [4]
IObservable::IObservable()
                         0x800'051f   0x2  Code  Wk  Button.o [2]
IObservable::IObservable() [subobject]
                         0x800'04b9   0x8  Code  Wk  Button.o [2]
Led::Led(IPin const &)   0x800'014d  0x16  Code  Gb  Led.o [3]
Led::SwithOff() const    0x800'0169  0x10  Code  Gb  Led.o [3]
Led::Toggle() const      0x800'0179  0x10  Code  Gb  Led.o [3]
MemManage_Handler        0x800'03db        Code  Wk  vectortrap_M.o [11]
NMI_Handler              0x800'03db        Code  Wk  vectortrap_M.o [11]
PendSV_Handler           0x800'03db        Code  Wk  vectortrap_M.o [11]
Pin<GPIOA, (int)5>::IsHigh() const
                         0x800'08cd   0xe  Code  Wk  main.o [1]
Pin<GPIOA, (int)5>::Reset() const
                         0x800'084d  0x10  Code  Wk  main.o [1]
Pin<GPIOA, (int)5>::Toggle() const
                         0x800'0961   0xa  Code  Wk  main.o [1]
Pin<GPIOC, (int)13>::IsHigh() const
                         0x800'0921   0xe  Code  Wk  main.o [1]
Pin<GPIOC, (int)13>::Reset() const
                         0x800'08bd  0x10  Code  Wk  main.o [1]
Pin<GPIOC, (int)13>::Toggle() const
                         0x800'0955   0xc  Code  Wk  main.o [1]
Pin<GPIOC, (int)5>::IsHigh() const
                         0x800'08e9   0xe  Code  Wk  main.o [1]
Pin<GPIOC, (int)5>::Reset() const
                         0x800'0875  0x10  Code  Wk  main.o [1]
Pin<GPIOC, (int)5>::Toggle() const
                         0x800'096b   0xa  Code  Wk  main.o [1]
Pin<GPIOC, (int)8>::IsHigh() const
                         0x800'0905   0xe  Code  Wk  main.o [1]
Pin<GPIOC, (int)8>::Reset() const
                         0x800'089d  0x10  Code  Wk  main.o [1]
Pin<GPIOC, (int)8>::Toggle() const
                         0x800'093d   0xc  Code  Wk  main.o [1]
Pin<GPIOC, (int)9>::IsHigh() const
                         0x800'0913   0xe  Code  Wk  main.o [1]
Pin<GPIOC, (int)9>::Reset() const
                         0x800'08ad  0x10  Code  Wk  main.o [1]
Pin<GPIOC, (int)9>::Toggle() const
                         0x800'0949   0xc  Code  Wk  main.o [1]
Region$$Table$$Base      0x800'0628         --   Gb  - Linker created -
Region$$Table$$Limit     0x800'0650         --   Gb  - Linker created -
SHT$$INIT_ARRAY$$Base    0x800'09c4         --   Gb  - Linker created -
SHT$$INIT_ARRAY$$Limit   0x800'09c8         --   Gb  - Linker created -
SHT$$PREINIT_ARRAY$$Base
                         0x800'09c4         --   Gb  - Linker created -
SHT$$PREINIT_ARRAY$$Limit
                         0x800'09c4         --   Gb  - Linker created -
SVC_Handler              0x800'03db        Code  Wk  vectortrap_M.o [11]
SlideMode::SlideMode(std::array<ILed *, (unsigned int)4> const &)
                         0x800'02f1  0x20  Code  Gb  SlideMode.o [6]
SlideMode::Update()      0x800'0315  0x7c  Code  Gb  SlideMode.o [6]
SysTick_Handler          0x800'03db        Code  Wk  vectortrap_M.o [11]
Thunk for (offset -4) Pin<GPIOA, (int)5>::IsHigh() const
                         0x800'09a5   0x6  Code  Wk  main.o [1]
Thunk for (offset -4) Pin<GPIOC, (int)13>::IsHigh() const
                         0x800'09bd   0x6  Code  Wk  main.o [1]
Thunk for (offset -4) Pin<GPIOC, (int)5>::IsHigh() const
                         0x800'09ab   0x6  Code  Wk  main.o [1]
Thunk for (offset -4) Pin<GPIOC, (int)8>::IsHigh() const
                         0x800'09b1   0x6  Code  Wk  main.o [1]
Thunk for (offset -4) Pin<GPIOC, (int)9>::IsHigh() const
                         0x800'09b7   0x6  Code  Wk  main.o [1]
TreeMode::TreeMode(std::array<ILed *, (unsigned int)4> const &)
                         0x800'02a1  0x1c  Code  Gb  TreeMode.o [7]
TreeMode::Update()       0x800'02c1  0x30  Code  Gb  TreeMode.o [7]
UsageFault_Handler       0x800'03db        Code  Wk  vectortrap_M.o [11]
Virtual function table for AllMode
                         0x800'07dc  0x10  Data  Wk  AllMode.o [4]
Virtual function table for Button
                         0x800'0794  0x1c  Data  Wk  Button.o [2]
Virtual function table for ChessMode
                         0x800'07ec  0x10  Data  Wk  ChessMode.o [5]
Virtual function table for Garland
                         0x800'0930   0xc  Data  Wk  main.o [1]
Virtual function table for IMode
                         0x800'07cc  0x10  Data  Wk  AllMode.o [4]
Virtual function table for Led
                         0x800'07fc  0x10  Data  Wk  Led.o [3]
Virtual function table for Pin<GPIOA, (int)5>
                         0x800'0654  0x20  Data  Wk  main.o [1]
Virtual function table for Pin<GPIOC, (int)13>
                         0x800'06d4  0x20  Data  Wk  main.o [1]
Virtual function table for Pin<GPIOC, (int)5>
                         0x800'0674  0x20  Data  Wk  main.o [1]
Virtual function table for Pin<GPIOC, (int)8>
                         0x800'0694  0x20  Data  Wk  main.o [1]
Virtual function table for Pin<GPIOC, (int)9>
                         0x800'06b4  0x20  Data  Wk  main.o [1]
Virtual function table for SlideMode
                         0x800'080c  0x10  Data  Wk  SlideMode.o [6]
Virtual function table for TreeMode
                         0x800'081c  0x10  Data  Wk  TreeMode.o [7]
__call_ctors             0x800'0715  0x18  Code  Gb  cppinit.o [8]
__cmain                  0x800'074d        Code  Gb  cmain.o [11]
__exit                   0x800'0781  0x14  Code  Gb  exit.o [12]
__iar_copy_init3         0x800'0277  0x2a  Code  Gb  copy_init3.o [11]
__iar_cstart_call_ctors
                         0x800'06f5  0x20  Code  Gb  cmain_call_ctors.o [11]
__iar_data_init3         0x800'05dd  0x28  Code  Gb  data_init.o [11]
__iar_debug_exceptions   0x800'0650   0x1  Data  Gb  unwind_debug.o [12]
__iar_init_vfp           0x800'0605        Code  Gb  fpinit_M.o [10]
__iar_program_start      0x800'07b1        Code  Gb  cstartup_M.o [11]
__iar_tls$$INIT_ARRAY$$Base
                         0x800'09c8         --   Gb  - Linker created -
__iar_tls$$INIT_ARRAY$$Limit
                         0x800'09c8         --   Gb  - Linker created -
__iar_zero_init3         0x800'0547  0x38  Code  Gb  zero_init3.o [11]
__low_level_init         0x800'076b   0x4  Code  Gb  low_level_init.o [8]
__sti__routine           0x800'0041  0x56  Code  Lc  main.o [1]
__vector_table           0x800'0000        Data  Gb  vector_table_M.o [11]
_call_main               0x800'0759        Code  Gb  cmain.o [11]
_exit                    0x800'0775        Code  Gb  cexit.o [11]
allMode                 0x2000'0088   0x8  Data  Gb  main.o [1]
bool FieldValueBase<TIM2_SR_UIF_Values<TIM2::SR, (unsigned int)0, (unsigned int)1, ReadWriteMode, TIM2::TIM2SRBase>, TIM2::TIM2SRBase, (unsigned int)1>::IsSet<ReadWriteMode, void>()
                         0x800'03dd  0x10  Code  Wk  main.o [1]
chessMode               0x2000'0090   0x8  Data  Gb  main.o [1]
decltype(((param#1.size)())) std::size<std::array<ILed *, (unsigned int)4>>(std::array<ILed *, (unsigned int)4> const &)
                         0x800'04db   0x8  Code  Wk  ChessMode.o [5]
exit                     0x800'076f   0x4  Code  Gb  exit.o [8]
garland                 0x2000'005c   0xc  Data  Gb  main.o [1]
led1                    0x2000'0068   0x8  Data  Gb  main.o [1]
led2                    0x2000'0070   0x8  Data  Gb  main.o [1]
led3                    0x2000'0078   0x8  Data  Gb  main.o [1]
led4                    0x2000'0080   0x8  Data  Gb  main.o [1]
leds                    0x2000'0000  0x10  Data  Gb  main.o [1]
main                     0x800'00bf  0x48  Code  Gb  main.o [1]
modes                   0x2000'0010  0x10  Data  Gb  main.o [1]
pinA5                    0x800'0974   0x8  Data  Wk  main.o [1]
pinC13                   0x800'0994   0x8  Data  Wk  main.o [1]
pinC5                    0x800'097c   0x8  Data  Wk  main.o [1]
pinC8                    0x800'0984   0x8  Data  Wk  main.o [1]
pinC9                    0x800'098c   0x8  Data  Wk  main.o [1]
slideMode               0x2000'0040  0x10  Data  Gb  main.o [1]
std::array<IButtonObserver *, (unsigned int)4>::operator [](unsigned int)
                         0x800'04c7   0x6  Code  Wk  Button.o [2]
std::array<IButtonObserver *, (unsigned int)4>::operator [](unsigned int) const
                         0x800'04c1   0x6  Code  Wk  Button.o [2]
std::array<ILed *, (unsigned int)4>::begin() const
                         0x800'0531   0x8  Code  Wk  AllMode.o [4]
std::array<ILed *, (unsigned int)4>::data() const
                         0x800'0545   0x2  Code  Wk  AllMode.o [4]
std::array<ILed *, (unsigned int)4>::end() const
                         0x800'0539   0xa  Code  Wk  AllMode.o [4]
std::array<ILed *, (unsigned int)4>::operator [](unsigned int) const
                         0x800'04d5   0x6  Code  Wk  ChessMode.o [5]
std::array<ILed *, (unsigned int)4>::size() const
                         0x800'052d   0x4  Code  Wk  ChessMode.o [5]
std::array<IMode *, (unsigned int)4>::operator [](unsigned int) const
                         0x800'0515   0x6  Code  Wk  main.o [1]
std::array<IMode *, (unsigned int)4>::size() const
                         0x800'05af   0x4  Code  Wk  main.o [1]
treeMode                0x2000'0050   0xc  Data  Gb  main.o [1]
unsigned int RegisterBase<(unsigned int)1073872912, (unsigned int)32, ReadMode>::Get<ReadMode, void>()
                         0x800'08dd   0xc  Code  Wk  main.o [1]
unsigned int RegisterBase<(unsigned int)1073872916, (unsigned int)32, ReadWriteMode>::Get<ReadWriteMode, void>()
                         0x800'085d   0xc  Code  Wk  main.o [1]
unsigned int RegisterBase<(unsigned int)1073874960, (unsigned int)32, ReadMode>::Get<ReadMode, void>()
                         0x800'08f9   0xc  Code  Wk  main.o [1]
unsigned int RegisterBase<(unsigned int)1073874964, (unsigned int)32, ReadWriteMode>::Get<ReadWriteMode, void>()
                         0x800'0885   0xc  Code  Wk  main.o [1]
userButton1             0x2000'0020  0x20  Data  Gb  main.o [1]
void FieldValueBase<GPIOA_MODER_MODER15_Values<GPIOA::MODER, (unsigned int)10, (unsigned int)2, ReadWriteMode, GPIOA::GPIOAMODERBase>, GPIOA::GPIOAMODERBase, (unsigned int)1>::Set<ReadWriteMode, void>()
                         0x800'0445  0x14  Code  Wk  main.o [1]
void FieldValueBase<GPIOC_MODER_MODER15_Values<GPIOC::MODER, (unsigned int)10, (unsigned int)2, ReadWriteMode, GPIOC::GPIOCMODERBase>, GPIOC::GPIOCMODERBase, (unsigned int)1>::Set<ReadWriteMode, void>()
                         0x800'0459  0x14  Code  Wk  main.o [1]
void FieldValueBase<GPIOC_MODER_MODER15_Values<GPIOC::MODER, (unsigned int)16, (unsigned int)2, ReadWriteMode, GPIOC::GPIOCMODERBase>, GPIOC::GPIOCMODERBase, (unsigned int)1>::Set<ReadWriteMode, void>()
                         0x800'046d  0x14  Code  Wk  main.o [1]
void FieldValueBase<GPIOC_MODER_MODER15_Values<GPIOC::MODER, (unsigned int)18, (unsigned int)2, ReadWriteMode, GPIOC::GPIOCMODERBase>, GPIOC::GPIOCMODERBase, (unsigned int)1>::Set<ReadWriteMode, void>()
                         0x800'0481  0x14  Code  Wk  main.o [1]
void FieldValueBase<RCC_AHB1ENR_DMA2EN_Values<RCC::APB1ENR, (unsigned int)0, (unsigned int)1, ReadWriteMode, RCC::RCCAPB1ENRBase>, RCC::RCCAPB1ENRBase, (unsigned int)1>::Set<ReadWriteMode, void>()
                         0x800'03fd  0x14  Code  Wk  main.o [1]
void FieldValueBase<RCC_AHB1ENR_GPIOAEN_Values<RCC::AHB1ENR, (unsigned int)0, (unsigned int)1, ReadWriteMode, RCC::RCCAHB1ENRBase>, RCC::RCCAHB1ENRBase, (unsigned int)1>::Set<ReadWriteMode, void>()
                         0x800'0431  0x14  Code  Wk  main.o [1]
void FieldValueBase<RCC_AHB1ENR_GPIOCEN_Values<RCC::AHB1ENR, (unsigned int)2, (unsigned int)1, ReadWriteMode, RCC::RCCAHB1ENRBase>, RCC::RCCAHB1ENRBase, (unsigned int)1>::Set<ReadWriteMode, void>()
                         0x800'041d  0x14  Code  Wk  main.o [1]
void FieldValueBase<TIM2_CR1_CEN_Values<TIM2::CR1, (unsigned int)0, (unsigned int)1, ReadWriteMode, TIM2::TIM2CR1Base>, TIM2::TIM2CR1Base, (unsigned int)1>::Set<ReadWriteMode, void>()
                         0x800'03c9  0x12  Code  Wk  main.o [1]
void FieldValueBase<TIM2_SR_UIF_Values<TIM2::SR, (unsigned int)0, (unsigned int)1, ReadWriteMode, TIM2::TIM2SRBase>, TIM2::TIM2SRBase, (unsigned int)0>::Set<ReadWriteMode, void>()
                         0x800'03ed  0x10  Code  Wk  main.o [1]
void RegisterBase<(unsigned int)1073741860, (unsigned int)32, ReadWriteMode>::Write<ReadWriteMode, void>(unsigned int)
                         0x800'03b1   0xc  Code  Wk  main.o [1]
void RegisterBase<(unsigned int)1073741864, (unsigned int)32, ReadWriteMode>::Write<ReadWriteMode, void>(unsigned int)
                         0x800'0411   0xc  Code  Wk  main.o [1]
void RegisterBase<(unsigned int)1073741868, (unsigned int)32, ReadWriteMode>::Write<ReadWriteMode, void>(unsigned int)
                         0x800'03bd   0xc  Code  Wk  main.o [1]
void RegisterBase<(unsigned int)1073872916, (unsigned int)32, ReadWriteMode>::Toggle<ReadWriteMode, void>(unsigned int)
                         0x800'083d  0x10  Code  Wk  main.o [1]
void RegisterBase<(unsigned int)1073872916, (unsigned int)32, ReadWriteMode>::Write<ReadWriteMode, void>(unsigned int)
                         0x800'0869   0xc  Code  Wk  main.o [1]
void RegisterBase<(unsigned int)1073874964, (unsigned int)32, ReadWriteMode>::Toggle<ReadWriteMode, void>(unsigned int)
                         0x800'082d  0x10  Code  Wk  main.o [1]
void RegisterBase<(unsigned int)1073874964, (unsigned int)32, ReadWriteMode>::Write<ReadWriteMode, void>(unsigned int)
                         0x800'0891   0xc  Code  Wk  main.o [1]


[1] = D:\POIP\POIP\NewWorkspace\Debug\Obj
[2] = D:\POIP\POIP\NewWorkspace\Debug\Obj\Components\Button
[3] = D:\POIP\POIP\NewWorkspace\Debug\Obj\Components\LED
[4] = D:\POIP\POIP\NewWorkspace\Debug\Obj\Modes\AllMode
[5] = D:\POIP\POIP\NewWorkspace\Debug\Obj\Modes\ChessMode
[6] = D:\POIP\POIP\NewWorkspace\Debug\Obj\Modes\SlideMode
[7] = D:\POIP\POIP\NewWorkspace\Debug\Obj\Modes\TreeMode
[8] = dl7M_tlf.a
[9] = dlpprt7M_tl_fc.a
[10] = m7M_tls.a
[11] = rt7M_tl.a
[12] = shb_l.a

  2'082 bytes of readonly  code memory
    420 bytes of readonly  data memory
  8'344 bytes of readwrite data memory

Errors: none
Warnings: none
